[    5044ms] [WARNING] Google Maps JavaScript API has been loaded directly without loading=async. This can result in suboptimal performance. For best-practice loading patterns please see https://goo.gle/js-api-loading @ https://maps.googleapis.com/maps/api/js?key=AIzaSyBBPL41mFwmWqbqcMyUL3A6Y0BcDSs-7d4&language=ES&libraries=places:1519
[    5135ms] [LOG] Google Maps cargado @ https://kamary.l105.com/public/js/cliente.js?v1751507569:1935
[    5149ms] [LOG] Google Maps cargado @ https://kamary.l105.com/public/js/pedidoMuestra.js?v1752338097:3154
[    5150ms] [LOG] initEval, pedidoMuestra.js @ https://kamary.l105.com/public/js/pedidoMuestra.js?v1752338097:3157
[    5151ms] Uncaught InvalidValueError: Map: Expected mapDiv of type HTMLElement but was passed null.
    at _.Vm (https://maps.googleapis.com/maps/api/js?key=AIzaSyBBPL41mFwmWqbqcMyUL3A6Y0BcDSs-7d4&language=ES&libraries=places:1389:396)
    at _.fr (https://maps.googleapis.com/maps/api/js?key=AIzaSyBBPL41mFwmWqbqcMyUL3A6Y0BcDSs-7d4&language=ES&libraries=places:1464:273)
    at initEval (https://kamary.l105.com/public/js/pedidoMuestra.js?v1752338097:3159:8)
    at <anonymous> (https://kamary.l105.com/public/js/pedidoMuestra.js?v1752338097:3224:1)
    at dispatch (https://kamary.l105.com/public/js/core/jquery.min.js:2:7518)
    at r.handle (https://kamary.l105.com/public/js/core/jquery.min.js:2:5599)
[   64366ms] [LOG] Google Maps cargado @ https://kamary.l105.com/public/js/cliente.js?v1751507569:1935
[   64394ms] [WARNING] Google Maps JavaScript API has been loaded directly without loading=async. This can result in suboptimal performance. For best-practice loading patterns please see https://goo.gle/js-api-loading @ https://maps.googleapis.com/maps/api/js?key=AIzaSyBBPL41mFwmWqbqcMyUL3A6Y0BcDSs-7d4&language=ES&libraries=places:1519
[   64407ms] [LOG] Google Maps cargado @ https://kamary.l105.com/public/js/pedidoMuestra.js?v1752338097:3154
[   64407ms] [LOG] initEval, pedidoMuestra.js @ https://kamary.l105.com/public/js/pedidoMuestra.js?v1752338097:3157
[   64407ms] Uncaught InvalidValueError: Map: Expected mapDiv of type HTMLElement but was passed null.
    at _.Vm (https://maps.googleapis.com/maps/api/js?key=AIzaSyBBPL41mFwmWqbqcMyUL3A6Y0BcDSs-7d4&language=ES&libraries=places:1389:396)
    at _.fr (https://maps.googleapis.com/maps/api/js?key=AIzaSyBBPL41mFwmWqbqcMyUL3A6Y0BcDSs-7d4&language=ES&libraries=places:1464:273)
    at initEval (https://kamary.l105.com/public/js/pedidoMuestra.js?v1752338097:3159:8)
    at <anonymous> (https://kamary.l105.com/public/js/pedidoMuestra.js?v1752338097:3224:1)
    at dispatch (https://kamary.l105.com/public/js/core/jquery.min.js:2:7518)
    at r.handle (https://kamary.l105.com/public/js/core/jquery.min.js:2:5599)
[  103105ms] [LOG] Google Maps cargado @ https://kamary.l105.com/public/js/cliente.js?v1751507569:1935
[  103174ms] [WARNING] Google Maps JavaScript API has been loaded directly without loading=async. This can result in suboptimal performance. For best-practice loading patterns please see https://goo.gle/js-api-loading @ https://maps.googleapis.com/maps/api/js?key=AIzaSyBBPL41mFwmWqbqcMyUL3A6Y0BcDSs-7d4&language=ES&libraries=places:1519
[  103190ms] [LOG] Google Maps cargado @ https://kamary.l105.com/public/js/pedidoMuestra.js?v1752338097:3154
[  103190ms] [LOG] initEval, pedidoMuestra.js @ https://kamary.l105.com/public/js/pedidoMuestra.js?v1752338097:3157
[  103190ms] Uncaught InvalidValueError: Map: Expected mapDiv of type HTMLElement but was passed null.
    at _.Vm (https://maps.googleapis.com/maps/api/js?key=AIzaSyBBPL41mFwmWqbqcMyUL3A6Y0BcDSs-7d4&language=ES&libraries=places:1389:396)
    at _.fr (https://maps.googleapis.com/maps/api/js?key=AIzaSyBBPL41mFwmWqbqcMyUL3A6Y0BcDSs-7d4&language=ES&libraries=places:1464:273)
    at initEval (https://kamary.l105.com/public/js/pedidoMuestra.js?v1752338097:3159:8)
    at <anonymous> (https://kamary.l105.com/public/js/pedidoMuestra.js?v1752338097:3224:1)
    at dispatch (https://kamary.l105.com/public/js/core/jquery.min.js:2:7518)
    at r.handle (https://kamary.l105.com/public/js/core/jquery.min.js:2:5599)
[  131912ms] [LOG] Google Maps cargado @ https://kamary.l105.com/public/js/cliente.js?v1751507569:1935
[  131965ms] [WARNING] Google Maps JavaScript API has been loaded directly without loading=async. This can result in suboptimal performance. For best-practice loading patterns please see https://goo.gle/js-api-loading @ https://maps.googleapis.com/maps/api/js?key=AIzaSyBBPL41mFwmWqbqcMyUL3A6Y0BcDSs-7d4&language=ES&libraries=places:1519
[  131978ms] [LOG] Google Maps cargado @ https://kamary.l105.com/public/js/pedidoMuestra.js?v1752338097:3154
[  131979ms] [LOG] initEval, pedidoMuestra.js @ https://kamary.l105.com/public/js/pedidoMuestra.js?v1752338097:3157
[  131980ms] Uncaught InvalidValueError: Map: Expected mapDiv of type HTMLElement but was passed null.
    at _.Vm (https://maps.googleapis.com/maps/api/js?key=AIzaSyBBPL41mFwmWqbqcMyUL3A6Y0BcDSs-7d4&language=ES&libraries=places:1389:396)
    at _.fr (https://maps.googleapis.com/maps/api/js?key=AIzaSyBBPL41mFwmWqbqcMyUL3A6Y0BcDSs-7d4&language=ES&libraries=places:1464:273)
    at initEval (https://kamary.l105.com/public/js/pedidoMuestra.js?v1752338097:3159:8)
    at <anonymous> (https://kamary.l105.com/public/js/pedidoMuestra.js?v1752338097:3224:1)
    at dispatch (https://kamary.l105.com/public/js/core/jquery.min.js:2:7518)
    at r.handle (https://kamary.l105.com/public/js/core/jquery.min.js:2:5599)
[  155829ms] [LOG] Google Maps cargado @ https://kamary.l105.com/public/js/cliente.js?v1751507569:1935
[  155853ms] [WARNING] Google Maps JavaScript API has been loaded directly without loading=async. This can result in suboptimal performance. For best-practice loading patterns please see https://goo.gle/js-api-loading @ https://maps.googleapis.com/maps/api/js?key=AIzaSyBBPL41mFwmWqbqcMyUL3A6Y0BcDSs-7d4&language=ES&libraries=places:1519
[  155865ms] [LOG] Google Maps cargado @ https://kamary.l105.com/public/js/pedidoMuestra.js?v1752338097:3154
[  155865ms] [LOG] initEval, pedidoMuestra.js @ https://kamary.l105.com/public/js/pedidoMuestra.js?v1752338097:3157
[  155866ms] Uncaught InvalidValueError: Map: Expected mapDiv of type HTMLElement but was passed null.
    at _.Vm (https://maps.googleapis.com/maps/api/js?key=AIzaSyBBPL41mFwmWqbqcMyUL3A6Y0BcDSs-7d4&language=ES&libraries=places:1389:396)
    at _.fr (https://maps.googleapis.com/maps/api/js?key=AIzaSyBBPL41mFwmWqbqcMyUL3A6Y0BcDSs-7d4&language=ES&libraries=places:1464:273)
    at initEval (https://kamary.l105.com/public/js/pedidoMuestra.js?v1752338097:3159:8)
    at <anonymous> (https://kamary.l105.com/public/js/pedidoMuestra.js?v1752338097:3224:1)
    at dispatch (https://kamary.l105.com/public/js/core/jquery.min.js:2:7518)
    at r.handle (https://kamary.l105.com/public/js/core/jquery.min.js:2:5599)
[  160185ms] [LOG] Google Maps cargado @ https://kamary.l105.com/public/js/cliente.js?v1751507569:1935
[  160223ms] [WARNING] Google Maps JavaScript API has been loaded directly without loading=async. This can result in suboptimal performance. For best-practice loading patterns please see https://goo.gle/js-api-loading @ https://maps.googleapis.com/maps/api/js?key=AIzaSyBBPL41mFwmWqbqcMyUL3A6Y0BcDSs-7d4&language=ES&libraries=places:1519
[  160252ms] [LOG] Google Maps cargado @ https://kamary.l105.com/public/js/pedidoMuestra.js?v1752338097:3154
[  160252ms] [LOG] initEval, pedidoMuestra.js @ https://kamary.l105.com/public/js/pedidoMuestra.js?v1752338097:3157
[  160253ms] Uncaught InvalidValueError: Map: Expected mapDiv of type HTMLElement but was passed null.
    at _.Vm (https://maps.googleapis.com/maps/api/js?key=AIzaSyBBPL41mFwmWqbqcMyUL3A6Y0BcDSs-7d4&language=ES&libraries=places:1389:396)
    at _.fr (https://maps.googleapis.com/maps/api/js?key=AIzaSyBBPL41mFwmWqbqcMyUL3A6Y0BcDSs-7d4&language=ES&libraries=places:1464:273)
    at initEval (https://kamary.l105.com/public/js/pedidoMuestra.js?v1752338097:3159:8)
    at <anonymous> (https://kamary.l105.com/public/js/pedidoMuestra.js?v1752338097:3224:1)
    at dispatch (https://kamary.l105.com/public/js/core/jquery.min.js:2:7518)
    at r.handle (https://kamary.l105.com/public/js/core/jquery.min.js:2:5599)
[  164580ms] [WARNING] Google Maps JavaScript API has been loaded directly without loading=async. This can result in suboptimal performance. For best-practice loading patterns please see https://goo.gle/js-api-loading @ https://maps.googleapis.com/maps/api/js?key=AIzaSyBBPL41mFwmWqbqcMyUL3A6Y0BcDSs-7d4&language=ES&libraries=places:1519
[  165951ms] [LOG] Google Maps cargado @ https://kamary.l105.com/public/js/cliente.js?v1751507569:1935
[  165973ms] [LOG] Google Maps cargado @ https://kamary.l105.com/public/js/pedidoMuestra.js?v1752338097:3154
[  165973ms] [LOG] initEval, pedidoMuestra.js @ https://kamary.l105.com/public/js/pedidoMuestra.js?v1752338097:3157
[  165974ms] Uncaught InvalidValueError: Map: Expected mapDiv of type HTMLElement but was passed null.
    at _.Vm (https://maps.googleapis.com/maps/api/js?key=AIzaSyBBPL41mFwmWqbqcMyUL3A6Y0BcDSs-7d4&language=ES&libraries=places:1389:396)
    at _.fr (https://maps.googleapis.com/maps/api/js?key=AIzaSyBBPL41mFwmWqbqcMyUL3A6Y0BcDSs-7d4&language=ES&libraries=places:1464:273)
    at initEval (https://kamary.l105.com/public/js/pedidoMuestra.js?v1752338097:3159:8)
    at <anonymous> (https://kamary.l105.com/public/js/pedidoMuestra.js?v1752338097:3224:1)
    at dispatch (https://kamary.l105.com/public/js/core/jquery.min.js:2:7518)
    at r.handle (https://kamary.l105.com/public/js/core/jquery.min.js:2:5599)
[  168360ms] [LOG] Google Maps cargado @ https://kamary.l105.com/public/js/cliente.js?v1751507569:1935
[  168410ms] [WARNING] Google Maps JavaScript API has been loaded directly without loading=async. This can result in suboptimal performance. For best-practice loading patterns please see https://goo.gle/js-api-loading @ https://maps.googleapis.com/maps/api/js?key=AIzaSyBBPL41mFwmWqbqcMyUL3A6Y0BcDSs-7d4&language=ES&libraries=places:1519
[  168423ms] [LOG] Google Maps cargado @ https://kamary.l105.com/public/js/pedidoMuestra.js?v1752338097:3154
[  168423ms] [LOG] initEval, pedidoMuestra.js @ https://kamary.l105.com/public/js/pedidoMuestra.js?v1752338097:3157
[  168423ms] Uncaught InvalidValueError: Map: Expected mapDiv of type HTMLElement but was passed null.
    at _.Vm (https://maps.googleapis.com/maps/api/js?key=AIzaSyBBPL41mFwmWqbqcMyUL3A6Y0BcDSs-7d4&language=ES&libraries=places:1389:396)
    at _.fr (https://maps.googleapis.com/maps/api/js?key=AIzaSyBBPL41mFwmWqbqcMyUL3A6Y0BcDSs-7d4&language=ES&libraries=places:1464:273)
    at initEval (https://kamary.l105.com/public/js/pedidoMuestra.js?v1752338097:3159:8)
    at <anonymous> (https://kamary.l105.com/public/js/pedidoMuestra.js?v1752338097:3224:1)
    at dispatch (https://kamary.l105.com/public/js/core/jquery.min.js:2:7518)
    at r.handle (https://kamary.l105.com/public/js/core/jquery.min.js:2:5599)
[  170336ms] [LOG] Google Maps cargado @ https://kamary.l105.com/public/js/cliente.js?v1751507569:1935
[  170379ms] [WARNING] Google Maps JavaScript API has been loaded directly without loading=async. This can result in suboptimal performance. For best-practice loading patterns please see https://goo.gle/js-api-loading @ https://maps.googleapis.com/maps/api/js?key=AIzaSyBBPL41mFwmWqbqcMyUL3A6Y0BcDSs-7d4&language=ES&libraries=places:1519
[  170392ms] [LOG] Google Maps cargado @ https://kamary.l105.com/public/js/pedidoMuestra.js?v1752338097:3154
[  170393ms] [LOG] initEval, pedidoMuestra.js @ https://kamary.l105.com/public/js/pedidoMuestra.js?v1752338097:3157
[  170393ms] Uncaught InvalidValueError: Map: Expected mapDiv of type HTMLElement but was passed null.
    at _.Vm (https://maps.googleapis.com/maps/api/js?key=AIzaSyBBPL41mFwmWqbqcMyUL3A6Y0BcDSs-7d4&language=ES&libraries=places:1389:396)
    at _.fr (https://maps.googleapis.com/maps/api/js?key=AIzaSyBBPL41mFwmWqbqcMyUL3A6Y0BcDSs-7d4&language=ES&libraries=places:1464:273)
    at initEval (https://kamary.l105.com/public/js/pedidoMuestra.js?v1752338097:3159:8)
    at <anonymous> (https://kamary.l105.com/public/js/pedidoMuestra.js?v1752338097:3224:1)
    at dispatch (https://kamary.l105.com/public/js/core/jquery.min.js:2:7518)
    at r.handle (https://kamary.l105.com/public/js/core/jquery.min.js:2:5599)
[  187898ms] [LOG] Google Maps cargado @ https://kamary.l105.com/public/js/cliente.js?v1751507569:1935
[  187938ms] [WARNING] Google Maps JavaScript API has been loaded directly without loading=async. This can result in suboptimal performance. For best-practice loading patterns please see https://goo.gle/js-api-loading @ https://maps.googleapis.com/maps/api/js?key=AIzaSyBBPL41mFwmWqbqcMyUL3A6Y0BcDSs-7d4&language=ES&libraries=places:1519
[  187951ms] [LOG] Google Maps cargado @ https://kamary.l105.com/public/js/pedidoMuestra.js?v1752338097:3154
[  187951ms] [LOG] initEval, pedidoMuestra.js @ https://kamary.l105.com/public/js/pedidoMuestra.js?v1752338097:3157
[  187952ms] Uncaught InvalidValueError: Map: Expected mapDiv of type HTMLElement but was passed null.
    at _.Vm (https://maps.googleapis.com/maps/api/js?key=AIzaSyBBPL41mFwmWqbqcMyUL3A6Y0BcDSs-7d4&language=ES&libraries=places:1389:396)
    at _.fr (https://maps.googleapis.com/maps/api/js?key=AIzaSyBBPL41mFwmWqbqcMyUL3A6Y0BcDSs-7d4&language=ES&libraries=places:1464:273)
    at initEval (https://kamary.l105.com/public/js/pedidoMuestra.js?v1752338097:3159:8)
    at <anonymous> (https://kamary.l105.com/public/js/pedidoMuestra.js?v1752338097:3224:1)
    at dispatch (https://kamary.l105.com/public/js/core/jquery.min.js:2:7518)
    at r.handle (https://kamary.l105.com/public/js/core/jquery.min.js:2:5599)
[  487581ms] [LOG] Google Maps cargado @ https://kamary.l105.com/public/js/cliente.js?v1751507569:1935
[  487700ms] [WARNING] Google Maps JavaScript API has been loaded directly without loading=async. This can result in suboptimal performance. For best-practice loading patterns please see https://goo.gle/js-api-loading @ https://maps.googleapis.com/maps/api/js?key=AIzaSyBBPL41mFwmWqbqcMyUL3A6Y0BcDSs-7d4&language=ES&libraries=places:1519
[  487733ms] [LOG] Google Maps cargado @ https://kamary.l105.com/public/js/pedidoMuestra.js?v1752338097:3154
[  487733ms] [LOG] initEval, pedidoMuestra.js @ https://kamary.l105.com/public/js/pedidoMuestra.js?v1752338097:3157
[  487733ms] Uncaught InvalidValueError: Map: Expected mapDiv of type HTMLElement but was passed null.
    at _.Vm (https://maps.googleapis.com/maps/api/js?key=AIzaSyBBPL41mFwmWqbqcMyUL3A6Y0BcDSs-7d4&language=ES&libraries=places:1389:396)
    at _.fr (https://maps.googleapis.com/maps/api/js?key=AIzaSyBBPL41mFwmWqbqcMyUL3A6Y0BcDSs-7d4&language=ES&libraries=places:1464:273)
    at initEval (https://kamary.l105.com/public/js/pedidoMuestra.js?v1752338097:3159:8)
    at <anonymous> (https://kamary.l105.com/public/js/pedidoMuestra.js?v1752338097:3224:1)
    at dispatch (https://kamary.l105.com/public/js/core/jquery.min.js:2:7518)
    at r.handle (https://kamary.l105.com/public/js/core/jquery.min.js:2:5599)
[  490726ms] [LOG] Google Maps cargado @ https://kamary.l105.com/public/js/cliente.js?v1751507569:1935
[  490768ms] [WARNING] Google Maps JavaScript API has been loaded directly without loading=async. This can result in suboptimal performance. For best-practice loading patterns please see https://goo.gle/js-api-loading @ https://maps.googleapis.com/maps/api/js?key=AIzaSyBBPL41mFwmWqbqcMyUL3A6Y0BcDSs-7d4&language=ES&libraries=places:1519
[  490803ms] [LOG] Google Maps cargado @ https://kamary.l105.com/public/js/pedidoMuestra.js?v1752338097:3154
[  490803ms] [LOG] initEval, pedidoMuestra.js @ https://kamary.l105.com/public/js/pedidoMuestra.js?v1752338097:3157
[  490803ms] Uncaught InvalidValueError: Map: Expected mapDiv of type HTMLElement but was passed null.
    at _.Vm (https://maps.googleapis.com/maps/api/js?key=AIzaSyBBPL41mFwmWqbqcMyUL3A6Y0BcDSs-7d4&language=ES&libraries=places:1389:396)
    at _.fr (https://maps.googleapis.com/maps/api/js?key=AIzaSyBBPL41mFwmWqbqcMyUL3A6Y0BcDSs-7d4&language=ES&libraries=places:1464:273)
    at initEval (https://kamary.l105.com/public/js/pedidoMuestra.js?v1752338097:3159:8)
    at <anonymous> (https://kamary.l105.com/public/js/pedidoMuestra.js?v1752338097:3224:1)
    at dispatch (https://kamary.l105.com/public/js/core/jquery.min.js:2:7518)
    at r.handle (https://kamary.l105.com/public/js/core/jquery.min.js:2:5599)
[  495334ms] [LOG] Google Maps cargado @ https://kamary.l105.com/public/js/cliente.js?v1751507569:1935
[  495379ms] [WARNING] Google Maps JavaScript API has been loaded directly without loading=async. This can result in suboptimal performance. For best-practice loading patterns please see https://goo.gle/js-api-loading @ https://maps.googleapis.com/maps/api/js?key=AIzaSyBBPL41mFwmWqbqcMyUL3A6Y0BcDSs-7d4&language=ES&libraries=places:1519
[  495391ms] [LOG] Google Maps cargado @ https://kamary.l105.com/public/js/pedidoMuestra.js?v1752338097:3154
[  495391ms] [LOG] initEval, pedidoMuestra.js @ https://kamary.l105.com/public/js/pedidoMuestra.js?v1752338097:3157
[  495391ms] Uncaught InvalidValueError: Map: Expected mapDiv of type HTMLElement but was passed null.
    at _.Vm (https://maps.googleapis.com/maps/api/js?key=AIzaSyBBPL41mFwmWqbqcMyUL3A6Y0BcDSs-7d4&language=ES&libraries=places:1389:396)
    at _.fr (https://maps.googleapis.com/maps/api/js?key=AIzaSyBBPL41mFwmWqbqcMyUL3A6Y0BcDSs-7d4&language=ES&libraries=places:1464:273)
    at initEval (https://kamary.l105.com/public/js/pedidoMuestra.js?v1752338097:3159:8)
    at <anonymous> (https://kamary.l105.com/public/js/pedidoMuestra.js?v1752338097:3224:1)
    at dispatch (https://kamary.l105.com/public/js/core/jquery.min.js:2:7518)
    at r.handle (https://kamary.l105.com/public/js/core/jquery.min.js:2:5599)
[  499532ms] [LOG] Google Maps cargado @ https://kamary.l105.com/public/js/cliente.js?v1751507569:1935
[  499559ms] [WARNING] Google Maps JavaScript API has been loaded directly without loading=async. This can result in suboptimal performance. For best-practice loading patterns please see https://goo.gle/js-api-loading @ https://maps.googleapis.com/maps/api/js?key=AIzaSyBBPL41mFwmWqbqcMyUL3A6Y0BcDSs-7d4&language=ES&libraries=places:1519
[  499569ms] [LOG] Google Maps cargado @ https://kamary.l105.com/public/js/pedidoMuestra.js?v1752338097:3154
[  499569ms] [LOG] initEval, pedidoMuestra.js @ https://kamary.l105.com/public/js/pedidoMuestra.js?v1752338097:3157
[  499570ms] Uncaught InvalidValueError: Map: Expected mapDiv of type HTMLElement but was passed null.
    at _.Vm (https://maps.googleapis.com/maps/api/js?key=AIzaSyBBPL41mFwmWqbqcMyUL3A6Y0BcDSs-7d4&language=ES&libraries=places:1389:396)
    at _.fr (https://maps.googleapis.com/maps/api/js?key=AIzaSyBBPL41mFwmWqbqcMyUL3A6Y0BcDSs-7d4&language=ES&libraries=places:1464:273)
    at initEval (https://kamary.l105.com/public/js/pedidoMuestra.js?v1752338097:3159:8)
    at <anonymous> (https://kamary.l105.com/public/js/pedidoMuestra.js?v1752338097:3224:1)
    at dispatch (https://kamary.l105.com/public/js/core/jquery.min.js:2:7518)
    at r.handle (https://kamary.l105.com/public/js/core/jquery.min.js:2:5599)
[  502094ms] [LOG] Google Maps cargado @ https://kamary.l105.com/public/js/cliente.js?v1751507569:1935
[  502126ms] [WARNING] Google Maps JavaScript API has been loaded directly without loading=async. This can result in suboptimal performance. For best-practice loading patterns please see https://goo.gle/js-api-loading @ https://maps.googleapis.com/maps/api/js?key=AIzaSyBBPL41mFwmWqbqcMyUL3A6Y0BcDSs-7d4&language=ES&libraries=places:1519
[  502162ms] [LOG] Google Maps cargado @ https://kamary.l105.com/public/js/pedidoMuestra.js?v1752338097:3154
[  502162ms] [LOG] initEval, pedidoMuestra.js @ https://kamary.l105.com/public/js/pedidoMuestra.js?v1752338097:3157
[  502162ms] Uncaught InvalidValueError: Map: Expected mapDiv of type HTMLElement but was passed null.
    at _.Vm (https://maps.googleapis.com/maps/api/js?key=AIzaSyBBPL41mFwmWqbqcMyUL3A6Y0BcDSs-7d4&language=ES&libraries=places:1389:396)
    at _.fr (https://maps.googleapis.com/maps/api/js?key=AIzaSyBBPL41mFwmWqbqcMyUL3A6Y0BcDSs-7d4&language=ES&libraries=places:1464:273)
    at initEval (https://kamary.l105.com/public/js/pedidoMuestra.js?v1752338097:3159:8)
    at <anonymous> (https://kamary.l105.com/public/js/pedidoMuestra.js?v1752338097:3224:1)
    at dispatch (https://kamary.l105.com/public/js/core/jquery.min.js:2:7518)
    at r.handle (https://kamary.l105.com/public/js/core/jquery.min.js:2:5599)
[  506784ms] [LOG] Google Maps cargado @ https://kamary.l105.com/public/js/cliente.js?v1751507569:1935
[  506817ms] [WARNING] Google Maps JavaScript API has been loaded directly without loading=async. This can result in suboptimal performance. For best-practice loading patterns please see https://goo.gle/js-api-loading @ https://maps.googleapis.com/maps/api/js?key=AIzaSyBBPL41mFwmWqbqcMyUL3A6Y0BcDSs-7d4&language=ES&libraries=places:1519
[  506840ms] [LOG] Google Maps cargado @ https://kamary.l105.com/public/js/pedidoMuestra.js?v1752338097:3154
[  506840ms] [LOG] initEval, pedidoMuestra.js @ https://kamary.l105.com/public/js/pedidoMuestra.js?v1752338097:3157
[  506840ms] Uncaught InvalidValueError: Map: Expected mapDiv of type HTMLElement but was passed null.
    at _.Vm (https://maps.googleapis.com/maps/api/js?key=AIzaSyBBPL41mFwmWqbqcMyUL3A6Y0BcDSs-7d4&language=ES&libraries=places:1389:396)
    at _.fr (https://maps.googleapis.com/maps/api/js?key=AIzaSyBBPL41mFwmWqbqcMyUL3A6Y0BcDSs-7d4&language=ES&libraries=places:1464:273)
    at initEval (https://kamary.l105.com/public/js/pedidoMuestra.js?v1752338097:3159:8)
    at <anonymous> (https://kamary.l105.com/public/js/pedidoMuestra.js?v1752338097:3224:1)
    at dispatch (https://kamary.l105.com/public/js/core/jquery.min.js:2:7518)
    at r.handle (https://kamary.l105.com/public/js/core/jquery.min.js:2:5599)
[  510523ms] [LOG] Google Maps cargado @ https://kamary.l105.com/public/js/cliente.js?v1751507569:1935
[  510548ms] [WARNING] Google Maps JavaScript API has been loaded directly without loading=async. This can result in suboptimal performance. For best-practice loading patterns please see https://goo.gle/js-api-loading @ https://maps.googleapis.com/maps/api/js?key=AIzaSyBBPL41mFwmWqbqcMyUL3A6Y0BcDSs-7d4&language=ES&libraries=places:1519
[  510567ms] [LOG] Google Maps cargado @ https://kamary.l105.com/public/js/pedidoMuestra.js?v1752338097:3154
[  510567ms] [LOG] initEval, pedidoMuestra.js @ https://kamary.l105.com/public/js/pedidoMuestra.js?v1752338097:3157
[  510568ms] Uncaught InvalidValueError: Map: Expected mapDiv of type HTMLElement but was passed null.
    at _.Vm (https://maps.googleapis.com/maps/api/js?key=AIzaSyBBPL41mFwmWqbqcMyUL3A6Y0BcDSs-7d4&language=ES&libraries=places:1389:396)
    at _.fr (https://maps.googleapis.com/maps/api/js?key=AIzaSyBBPL41mFwmWqbqcMyUL3A6Y0BcDSs-7d4&language=ES&libraries=places:1464:273)
    at initEval (https://kamary.l105.com/public/js/pedidoMuestra.js?v1752338097:3159:8)
    at <anonymous> (https://kamary.l105.com/public/js/pedidoMuestra.js?v1752338097:3224:1)
    at dispatch (https://kamary.l105.com/public/js/core/jquery.min.js:2:7518)
    at r.handle (https://kamary.l105.com/public/js/core/jquery.min.js:2:5599)
[  514784ms] [LOG] Google Maps cargado @ https://kamary.l105.com/public/js/cliente.js?v1751507569:1935
[  514807ms] [WARNING] Google Maps JavaScript API has been loaded directly without loading=async. This can result in suboptimal performance. For best-practice loading patterns please see https://goo.gle/js-api-loading @ https://maps.googleapis.com/maps/api/js?key=AIzaSyBBPL41mFwmWqbqcMyUL3A6Y0BcDSs-7d4&language=ES&libraries=places:1519
[  514819ms] [LOG] Google Maps cargado @ https://kamary.l105.com/public/js/pedidoMuestra.js?v1752338097:3154
[  514819ms] [LOG] initEval, pedidoMuestra.js @ https://kamary.l105.com/public/js/pedidoMuestra.js?v1752338097:3157
[  514819ms] Uncaught InvalidValueError: Map: Expected mapDiv of type HTMLElement but was passed null.
    at _.Vm (https://maps.googleapis.com/maps/api/js?key=AIzaSyBBPL41mFwmWqbqcMyUL3A6Y0BcDSs-7d4&language=ES&libraries=places:1389:396)
    at _.fr (https://maps.googleapis.com/maps/api/js?key=AIzaSyBBPL41mFwmWqbqcMyUL3A6Y0BcDSs-7d4&language=ES&libraries=places:1464:273)
    at initEval (https://kamary.l105.com/public/js/pedidoMuestra.js?v1752338097:3159:8)
    at <anonymous> (https://kamary.l105.com/public/js/pedidoMuestra.js?v1752338097:3224:1)
    at dispatch (https://kamary.l105.com/public/js/core/jquery.min.js:2:7518)
    at r.handle (https://kamary.l105.com/public/js/core/jquery.min.js:2:5599)
[  516436ms] [LOG] response {estado: 200, registros: , cadena: } @ https://kamary.l105.com/public/js/custom.js?v1323353670:8221
[  519222ms] [LOG] Google Maps cargado @ https://kamary.l105.com/public/js/cliente.js?v1751507569:1935
[  519246ms] [WARNING] Google Maps JavaScript API has been loaded directly without loading=async. This can result in suboptimal performance. For best-practice loading patterns please see https://goo.gle/js-api-loading @ https://maps.googleapis.com/maps/api/js?key=AIzaSyBBPL41mFwmWqbqcMyUL3A6Y0BcDSs-7d4&language=ES&libraries=places:1519
[  519257ms] [LOG] Google Maps cargado @ https://kamary.l105.com/public/js/pedidoMuestra.js?v1752338097:3154
[  519257ms] [LOG] initEval, pedidoMuestra.js @ https://kamary.l105.com/public/js/pedidoMuestra.js?v1752338097:3157
[  519258ms] Uncaught InvalidValueError: Map: Expected mapDiv of type HTMLElement but was passed null.
    at _.Vm (https://maps.googleapis.com/maps/api/js?key=AIzaSyBBPL41mFwmWqbqcMyUL3A6Y0BcDSs-7d4&language=ES&libraries=places:1389:396)
    at _.fr (https://maps.googleapis.com/maps/api/js?key=AIzaSyBBPL41mFwmWqbqcMyUL3A6Y0BcDSs-7d4&language=ES&libraries=places:1464:273)
    at initEval (https://kamary.l105.com/public/js/pedidoMuestra.js?v1752338097:3159:8)
    at <anonymous> (https://kamary.l105.com/public/js/pedidoMuestra.js?v1752338097:3224:1)
    at dispatch (https://kamary.l105.com/public/js/core/jquery.min.js:2:7518)
    at r.handle (https://kamary.l105.com/public/js/core/jquery.min.js:2:5599)
[  523926ms] [LOG] Google Maps cargado @ https://kamary.l105.com/public/js/cliente.js?v1751507569:1935
[  523954ms] [WARNING] Google Maps JavaScript API has been loaded directly without loading=async. This can result in suboptimal performance. For best-practice loading patterns please see https://goo.gle/js-api-loading @ https://maps.googleapis.com/maps/api/js?key=AIzaSyBBPL41mFwmWqbqcMyUL3A6Y0BcDSs-7d4&language=ES&libraries=places:1519
[  523968ms] [LOG] Google Maps cargado @ https://kamary.l105.com/public/js/pedidoMuestra.js?v1752338097:3154
[  523968ms] [LOG] initEval, pedidoMuestra.js @ https://kamary.l105.com/public/js/pedidoMuestra.js?v1752338097:3157
[  523967ms] Uncaught InvalidValueError: Map: Expected mapDiv of type HTMLElement but was passed null.
    at _.Vm (https://maps.googleapis.com/maps/api/js?key=AIzaSyBBPL41mFwmWqbqcMyUL3A6Y0BcDSs-7d4&language=ES&libraries=places:1389:396)
    at _.fr (https://maps.googleapis.com/maps/api/js?key=AIzaSyBBPL41mFwmWqbqcMyUL3A6Y0BcDSs-7d4&language=ES&libraries=places:1464:273)
    at initEval (https://kamary.l105.com/public/js/pedidoMuestra.js?v1752338097:3159:8)
    at <anonymous> (https://kamary.l105.com/public/js/pedidoMuestra.js?v1752338097:3224:1)
    at dispatch (https://kamary.l105.com/public/js/core/jquery.min.js:2:7518)
    at r.handle (https://kamary.l105.com/public/js/core/jquery.min.js:2:5599)
[  525420ms] [LOG] 11902 @ https://kamary.l105.com/public/js/cliente.js?v1751507569:1158
[  525705ms] [LOG] {estado: 200, registros: , registroslista: <option value="">Seleccionar</option>, registroslistam: , cadena: } @ https://kamary.l105.com/public/js/cliente.js?v1751507569:1167
[  528561ms] [LOG] Google Maps cargado @ https://kamary.l105.com/public/js/cliente.js?v1751507569:1935
[  528590ms] [WARNING] Google Maps JavaScript API has been loaded directly without loading=async. This can result in suboptimal performance. For best-practice loading patterns please see https://goo.gle/js-api-loading @ https://maps.googleapis.com/maps/api/js?key=AIzaSyBBPL41mFwmWqbqcMyUL3A6Y0BcDSs-7d4&language=ES&libraries=places:1519
[  528601ms] [LOG] Google Maps cargado @ https://kamary.l105.com/public/js/pedidoMuestra.js?v1752338097:3154
[  528601ms] [LOG] initEval, pedidoMuestra.js @ https://kamary.l105.com/public/js/pedidoMuestra.js?v1752338097:3157
[  528601ms] Uncaught InvalidValueError: Map: Expected mapDiv of type HTMLElement but was passed null.
    at _.Vm (https://maps.googleapis.com/maps/api/js?key=AIzaSyBBPL41mFwmWqbqcMyUL3A6Y0BcDSs-7d4&language=ES&libraries=places:1389:396)
    at _.fr (https://maps.googleapis.com/maps/api/js?key=AIzaSyBBPL41mFwmWqbqcMyUL3A6Y0BcDSs-7d4&language=ES&libraries=places:1464:273)
    at initEval (https://kamary.l105.com/public/js/pedidoMuestra.js?v1752338097:3159:8)
    at <anonymous> (https://kamary.l105.com/public/js/pedidoMuestra.js?v1752338097:3224:1)
    at dispatch (https://kamary.l105.com/public/js/core/jquery.min.js:2:7518)
    at r.handle (https://kamary.l105.com/public/js/core/jquery.min.js:2:5599)
[  531793ms] [LOG] Google Maps cargado @ https://kamary.l105.com/public/js/cliente.js?v1751507569:1935
[  531819ms] [WARNING] Google Maps JavaScript API has been loaded directly without loading=async. This can result in suboptimal performance. For best-practice loading patterns please see https://goo.gle/js-api-loading @ https://maps.googleapis.com/maps/api/js?key=AIzaSyBBPL41mFwmWqbqcMyUL3A6Y0BcDSs-7d4&language=ES&libraries=places:1519
[  531832ms] [LOG] Google Maps cargado @ https://kamary.l105.com/public/js/pedidoMuestra.js?v1752338097:3154
[  531832ms] [LOG] initEval, pedidoMuestra.js @ https://kamary.l105.com/public/js/pedidoMuestra.js?v1752338097:3157
[  531831ms] Uncaught InvalidValueError: Map: Expected mapDiv of type HTMLElement but was passed null.
    at _.Vm (https://maps.googleapis.com/maps/api/js?key=AIzaSyBBPL41mFwmWqbqcMyUL3A6Y0BcDSs-7d4&language=ES&libraries=places:1389:396)
    at _.fr (https://maps.googleapis.com/maps/api/js?key=AIzaSyBBPL41mFwmWqbqcMyUL3A6Y0BcDSs-7d4&language=ES&libraries=places:1464:273)
    at initEval (https://kamary.l105.com/public/js/pedidoMuestra.js?v1752338097:3159:8)
    at <anonymous> (https://kamary.l105.com/public/js/pedidoMuestra.js?v1752338097:3224:1)
    at dispatch (https://kamary.l105.com/public/js/core/jquery.min.js:2:7518)
    at r.handle (https://kamary.l105.com/public/js/core/jquery.min.js:2:5599)
[  536084ms] [LOG] Google Maps cargado @ https://kamary.l105.com/public/js/cliente.js?v1751507569:1935
[  536110ms] [WARNING] Google Maps JavaScript API has been loaded directly without loading=async. This can result in suboptimal performance. For best-practice loading patterns please see https://goo.gle/js-api-loading @ https://maps.googleapis.com/maps/api/js?key=AIzaSyBBPL41mFwmWqbqcMyUL3A6Y0BcDSs-7d4&language=ES&libraries=places:1519
[  536120ms] [LOG] Google Maps cargado @ https://kamary.l105.com/public/js/pedidoMuestra.js?v1752338097:3154
[  536120ms] [LOG] initEval, pedidoMuestra.js @ https://kamary.l105.com/public/js/pedidoMuestra.js?v1752338097:3157
[  536120ms] Uncaught InvalidValueError: Map: Expected mapDiv of type HTMLElement but was passed null.
    at _.Vm (https://maps.googleapis.com/maps/api/js?key=AIzaSyBBPL41mFwmWqbqcMyUL3A6Y0BcDSs-7d4&language=ES&libraries=places:1389:396)
    at _.fr (https://maps.googleapis.com/maps/api/js?key=AIzaSyBBPL41mFwmWqbqcMyUL3A6Y0BcDSs-7d4&language=ES&libraries=places:1464:273)
    at initEval (https://kamary.l105.com/public/js/pedidoMuestra.js?v1752338097:3159:8)
    at <anonymous> (https://kamary.l105.com/public/js/pedidoMuestra.js?v1752338097:3224:1)
    at dispatch (https://kamary.l105.com/public/js/core/jquery.min.js:2:7518)
    at r.handle (https://kamary.l105.com/public/js/core/jquery.min.js:2:5599)
[  540302ms] [LOG] Google Maps cargado @ https://kamary.l105.com/public/js/cliente.js?v1751507569:1935
[  540318ms] [WARNING] Google Maps JavaScript API has been loaded directly without loading=async. This can result in suboptimal performance. For best-practice loading patterns please see https://goo.gle/js-api-loading @ https://maps.googleapis.com/maps/api/js?key=AIzaSyBBPL41mFwmWqbqcMyUL3A6Y0BcDSs-7d4&language=ES&libraries=places:1519
[  540330ms] [LOG] Google Maps cargado @ https://kamary.l105.com/public/js/pedidoMuestra.js?v1752338097:3154
[  540330ms] [LOG] initEval, pedidoMuestra.js @ https://kamary.l105.com/public/js/pedidoMuestra.js?v1752338097:3157
[  540330ms] Uncaught InvalidValueError: Map: Expected mapDiv of type HTMLElement but was passed null.
    at _.Vm (https://maps.googleapis.com/maps/api/js?key=AIzaSyBBPL41mFwmWqbqcMyUL3A6Y0BcDSs-7d4&language=ES&libraries=places:1389:396)
    at _.fr (https://maps.googleapis.com/maps/api/js?key=AIzaSyBBPL41mFwmWqbqcMyUL3A6Y0BcDSs-7d4&language=ES&libraries=places:1464:273)
    at initEval (https://kamary.l105.com/public/js/pedidoMuestra.js?v1752338097:3159:8)
    at <anonymous> (https://kamary.l105.com/public/js/pedidoMuestra.js?v1752338097:3224:1)
    at dispatch (https://kamary.l105.com/public/js/core/jquery.min.js:2:7518)
    at r.handle (https://kamary.l105.com/public/js/core/jquery.min.js:2:5599)
[  544330ms] [LOG] Google Maps cargado @ https://kamary.l105.com/public/js/cliente.js?v1751507569:1935
[  544353ms] [WARNING] Google Maps JavaScript API has been loaded directly without loading=async. This can result in suboptimal performance. For best-practice loading patterns please see https://goo.gle/js-api-loading @ https://maps.googleapis.com/maps/api/js?key=AIzaSyBBPL41mFwmWqbqcMyUL3A6Y0BcDSs-7d4&language=ES&libraries=places:1519
[  544360ms] [LOG] Google Maps cargado @ https://kamary.l105.com/public/js/pedidoMuestra.js?v1752338097:3154
[  544360ms] [LOG] initEval, pedidoMuestra.js @ https://kamary.l105.com/public/js/pedidoMuestra.js?v1752338097:3157
[  544359ms] Uncaught InvalidValueError: Map: Expected mapDiv of type HTMLElement but was passed null.
    at _.Vm (https://maps.googleapis.com/maps/api/js?key=AIzaSyBBPL41mFwmWqbqcMyUL3A6Y0BcDSs-7d4&language=ES&libraries=places:1389:396)
    at _.fr (https://maps.googleapis.com/maps/api/js?key=AIzaSyBBPL41mFwmWqbqcMyUL3A6Y0BcDSs-7d4&language=ES&libraries=places:1464:273)
    at initEval (https://kamary.l105.com/public/js/pedidoMuestra.js?v1752338097:3159:8)
    at <anonymous> (https://kamary.l105.com/public/js/pedidoMuestra.js?v1752338097:3224:1)
    at dispatch (https://kamary.l105.com/public/js/core/jquery.min.js:2:7518)
    at r.handle (https://kamary.l105.com/public/js/core/jquery.min.js:2:5599)
[  549216ms] [LOG] Google Maps cargado @ https://kamary.l105.com/public/js/cliente.js?v1751507569:1935
[  549240ms] [WARNING] Google Maps JavaScript API has been loaded directly without loading=async. This can result in suboptimal performance. For best-practice loading patterns please see https://goo.gle/js-api-loading @ https://maps.googleapis.com/maps/api/js?key=AIzaSyBBPL41mFwmWqbqcMyUL3A6Y0BcDSs-7d4&language=ES&libraries=places:1519
[  549251ms] [LOG] Google Maps cargado @ https://kamary.l105.com/public/js/pedidoMuestra.js?v1752338097:3154
[  549251ms] [LOG] initEval, pedidoMuestra.js @ https://kamary.l105.com/public/js/pedidoMuestra.js?v1752338097:3157
[  549251ms] Uncaught InvalidValueError: Map: Expected mapDiv of type HTMLElement but was passed null.
    at _.Vm (https://maps.googleapis.com/maps/api/js?key=AIzaSyBBPL41mFwmWqbqcMyUL3A6Y0BcDSs-7d4&language=ES&libraries=places:1389:396)
    at _.fr (https://maps.googleapis.com/maps/api/js?key=AIzaSyBBPL41mFwmWqbqcMyUL3A6Y0BcDSs-7d4&language=ES&libraries=places:1464:273)
    at initEval (https://kamary.l105.com/public/js/pedidoMuestra.js?v1752338097:3159:8)
    at <anonymous> (https://kamary.l105.com/public/js/pedidoMuestra.js?v1752338097:3224:1)
    at dispatch (https://kamary.l105.com/public/js/core/jquery.min.js:2:7518)
    at r.handle (https://kamary.l105.com/public/js/core/jquery.min.js:2:5599)
[  551888ms] [LOG] Google Maps cargado @ https://kamary.l105.com/public/js/cliente.js?v1751507569:1935
[  551910ms] [WARNING] Google Maps JavaScript API has been loaded directly without loading=async. This can result in suboptimal performance. For best-practice loading patterns please see https://goo.gle/js-api-loading @ https://maps.googleapis.com/maps/api/js?key=AIzaSyBBPL41mFwmWqbqcMyUL3A6Y0BcDSs-7d4&language=ES&libraries=places:1519
[  551946ms] [LOG] Google Maps cargado @ https://kamary.l105.com/public/js/pedidoMuestra.js?v1752338097:3154
[  551946ms] [LOG] initEval, pedidoMuestra.js @ https://kamary.l105.com/public/js/pedidoMuestra.js?v1752338097:3157
[  551949ms] Uncaught InvalidValueError: Map: Expected mapDiv of type HTMLElement but was passed null.
    at _.Vm (https://maps.googleapis.com/maps/api/js?key=AIzaSyBBPL41mFwmWqbqcMyUL3A6Y0BcDSs-7d4&language=ES&libraries=places:1389:396)
    at _.fr (https://maps.googleapis.com/maps/api/js?key=AIzaSyBBPL41mFwmWqbqcMyUL3A6Y0BcDSs-7d4&language=ES&libraries=places:1464:273)
    at initEval (https://kamary.l105.com/public/js/pedidoMuestra.js?v1752338097:3159:8)
    at <anonymous> (https://kamary.l105.com/public/js/pedidoMuestra.js?v1752338097:3224:1)
    at dispatch (https://kamary.l105.com/public/js/core/jquery.min.js:2:7518)
    at r.handle (https://kamary.l105.com/public/js/core/jquery.min.js:2:5599)
[  556223ms] [LOG] Google Maps cargado @ https://kamary.l105.com/public/js/cliente.js?v1751507569:1935
[  556249ms] [WARNING] Google Maps JavaScript API has been loaded directly without loading=async. This can result in suboptimal performance. For best-practice loading patterns please see https://goo.gle/js-api-loading @ https://maps.googleapis.com/maps/api/js?key=AIzaSyBBPL41mFwmWqbqcMyUL3A6Y0BcDSs-7d4&language=ES&libraries=places:1519
[  556260ms] [LOG] Google Maps cargado @ https://kamary.l105.com/public/js/pedidoMuestra.js?v1752338097:3154
[  556260ms] [LOG] initEval, pedidoMuestra.js @ https://kamary.l105.com/public/js/pedidoMuestra.js?v1752338097:3157
[  556260ms] Uncaught InvalidValueError: Map: Expected mapDiv of type HTMLElement but was passed null.
    at _.Vm (https://maps.googleapis.com/maps/api/js?key=AIzaSyBBPL41mFwmWqbqcMyUL3A6Y0BcDSs-7d4&language=ES&libraries=places:1389:396)
    at _.fr (https://maps.googleapis.com/maps/api/js?key=AIzaSyBBPL41mFwmWqbqcMyUL3A6Y0BcDSs-7d4&language=ES&libraries=places:1464:273)
    at initEval (https://kamary.l105.com/public/js/pedidoMuestra.js?v1752338097:3159:8)
    at <anonymous> (https://kamary.l105.com/public/js/pedidoMuestra.js?v1752338097:3224:1)
    at dispatch (https://kamary.l105.com/public/js/core/jquery.min.js:2:7518)
    at r.handle (https://kamary.l105.com/public/js/core/jquery.min.js:2:5599)
[  559214ms] [LOG] Google Maps cargado @ https://kamary.l105.com/public/js/cliente.js?v1751507569:1935
[  559235ms] [WARNING] Google Maps JavaScript API has been loaded directly without loading=async. This can result in suboptimal performance. For best-practice loading patterns please see https://goo.gle/js-api-loading @ https://maps.googleapis.com/maps/api/js?key=AIzaSyBBPL41mFwmWqbqcMyUL3A6Y0BcDSs-7d4&language=ES&libraries=places:1519
[  559246ms] [LOG] Google Maps cargado @ https://kamary.l105.com/public/js/pedidoMuestra.js?v1752338097:3154
[  559246ms] [LOG] initEval, pedidoMuestra.js @ https://kamary.l105.com/public/js/pedidoMuestra.js?v1752338097:3157
[  559245ms] Uncaught InvalidValueError: Map: Expected mapDiv of type HTMLElement but was passed null.
    at _.Vm (https://maps.googleapis.com/maps/api/js?key=AIzaSyBBPL41mFwmWqbqcMyUL3A6Y0BcDSs-7d4&language=ES&libraries=places:1389:396)
    at _.fr (https://maps.googleapis.com/maps/api/js?key=AIzaSyBBPL41mFwmWqbqcMyUL3A6Y0BcDSs-7d4&language=ES&libraries=places:1464:273)
    at initEval (https://kamary.l105.com/public/js/pedidoMuestra.js?v1752338097:3159:8)
    at <anonymous> (https://kamary.l105.com/public/js/pedidoMuestra.js?v1752338097:3224:1)
    at dispatch (https://kamary.l105.com/public/js/core/jquery.min.js:2:7518)
    at r.handle (https://kamary.l105.com/public/js/core/jquery.min.js:2:5599)
[  563799ms] [LOG] Google Maps cargado @ https://kamary.l105.com/public/js/cliente.js?v1751507569:1935
[  563826ms] [WARNING] Google Maps JavaScript API has been loaded directly without loading=async. This can result in suboptimal performance. For best-practice loading patterns please see https://goo.gle/js-api-loading @ https://maps.googleapis.com/maps/api/js?key=AIzaSyBBPL41mFwmWqbqcMyUL3A6Y0BcDSs-7d4&language=ES&libraries=places:1519
[  563838ms] [LOG] Google Maps cargado @ https://kamary.l105.com/public/js/pedidoMuestra.js?v1752338097:3154
[  563838ms] [LOG] initEval, pedidoMuestra.js @ https://kamary.l105.com/public/js/pedidoMuestra.js?v1752338097:3157
[  563837ms] Uncaught InvalidValueError: Map: Expected mapDiv of type HTMLElement but was passed null.
    at _.Vm (https://maps.googleapis.com/maps/api/js?key=AIzaSyBBPL41mFwmWqbqcMyUL3A6Y0BcDSs-7d4&language=ES&libraries=places:1389:396)
    at _.fr (https://maps.googleapis.com/maps/api/js?key=AIzaSyBBPL41mFwmWqbqcMyUL3A6Y0BcDSs-7d4&language=ES&libraries=places:1464:273)
    at initEval (https://kamary.l105.com/public/js/pedidoMuestra.js?v1752338097:3159:8)
    at <anonymous> (https://kamary.l105.com/public/js/pedidoMuestra.js?v1752338097:3224:1)
    at dispatch (https://kamary.l105.com/public/js/core/jquery.min.js:2:7518)
    at r.handle (https://kamary.l105.com/public/js/core/jquery.min.js:2:5599)
[  566713ms] [LOG] Google Maps cargado @ https://kamary.l105.com/public/js/cliente.js?v1751507569:1935
[  566745ms] [WARNING] Google Maps JavaScript API has been loaded directly without loading=async. This can result in suboptimal performance. For best-practice loading patterns please see https://goo.gle/js-api-loading @ https://maps.googleapis.com/maps/api/js?key=AIzaSyBBPL41mFwmWqbqcMyUL3A6Y0BcDSs-7d4&language=ES&libraries=places:1519
[  566770ms] [LOG] Google Maps cargado @ https://kamary.l105.com/public/js/pedidoMuestra.js?v1752338097:3154
[  566770ms] [LOG] initEval, pedidoMuestra.js @ https://kamary.l105.com/public/js/pedidoMuestra.js?v1752338097:3157
[  566769ms] Uncaught InvalidValueError: Map: Expected mapDiv of type HTMLElement but was passed null.
    at _.Vm (https://maps.googleapis.com/maps/api/js?key=AIzaSyBBPL41mFwmWqbqcMyUL3A6Y0BcDSs-7d4&language=ES&libraries=places:1389:396)
    at _.fr (https://maps.googleapis.com/maps/api/js?key=AIzaSyBBPL41mFwmWqbqcMyUL3A6Y0BcDSs-7d4&language=ES&libraries=places:1464:273)
    at initEval (https://kamary.l105.com/public/js/pedidoMuestra.js?v1752338097:3159:8)
    at <anonymous> (https://kamary.l105.com/public/js/pedidoMuestra.js?v1752338097:3224:1)
    at dispatch (https://kamary.l105.com/public/js/core/jquery.min.js:2:7518)
    at r.handle (https://kamary.l105.com/public/js/core/jquery.min.js:2:5599)
[  570946ms] [LOG] Google Maps cargado @ https://kamary.l105.com/public/js/cliente.js?v1751507569:1935
[  570982ms] [WARNING] Google Maps JavaScript API has been loaded directly without loading=async. This can result in suboptimal performance. For best-practice loading patterns please see https://goo.gle/js-api-loading @ https://maps.googleapis.com/maps/api/js?key=AIzaSyBBPL41mFwmWqbqcMyUL3A6Y0BcDSs-7d4&language=ES&libraries=places:1519
[  570995ms] [LOG] Google Maps cargado @ https://kamary.l105.com/public/js/pedidoMuestra.js?v1752338097:3154
[  570995ms] [LOG] initEval, pedidoMuestra.js @ https://kamary.l105.com/public/js/pedidoMuestra.js?v1752338097:3157
[  570995ms] Uncaught InvalidValueError: Map: Expected mapDiv of type HTMLElement but was passed null.
    at _.Vm (https://maps.googleapis.com/maps/api/js?key=AIzaSyBBPL41mFwmWqbqcMyUL3A6Y0BcDSs-7d4&language=ES&libraries=places:1389:396)
    at _.fr (https://maps.googleapis.com/maps/api/js?key=AIzaSyBBPL41mFwmWqbqcMyUL3A6Y0BcDSs-7d4&language=ES&libraries=places:1464:273)
    at initEval (https://kamary.l105.com/public/js/pedidoMuestra.js?v1752338097:3159:8)
    at <anonymous> (https://kamary.l105.com/public/js/pedidoMuestra.js?v1752338097:3224:1)
    at dispatch (https://kamary.l105.com/public/js/core/jquery.min.js:2:7518)
    at r.handle (https://kamary.l105.com/public/js/core/jquery.min.js:2:5599)
[  577123ms] [LOG] Google Maps cargado @ https://kamary.l105.com/public/js/cliente.js?v1751507569:1935
[  577162ms] [WARNING] Google Maps JavaScript API has been loaded directly without loading=async. This can result in suboptimal performance. For best-practice loading patterns please see https://goo.gle/js-api-loading @ https://maps.googleapis.com/maps/api/js?key=AIzaSyBBPL41mFwmWqbqcMyUL3A6Y0BcDSs-7d4&language=ES&libraries=places:1519
[  577192ms] [LOG] Google Maps cargado @ https://kamary.l105.com/public/js/pedidoMuestra.js?v1752338097:3154
[  577193ms] [LOG] initEval, pedidoMuestra.js @ https://kamary.l105.com/public/js/pedidoMuestra.js?v1752338097:3157
[  577192ms] Uncaught InvalidValueError: Map: Expected mapDiv of type HTMLElement but was passed null.
    at _.Vm (https://maps.googleapis.com/maps/api/js?key=AIzaSyBBPL41mFwmWqbqcMyUL3A6Y0BcDSs-7d4&language=ES&libraries=places:1389:396)
    at _.fr (https://maps.googleapis.com/maps/api/js?key=AIzaSyBBPL41mFwmWqbqcMyUL3A6Y0BcDSs-7d4&language=ES&libraries=places:1464:273)
    at initEval (https://kamary.l105.com/public/js/pedidoMuestra.js?v1752338097:3159:8)
    at <anonymous> (https://kamary.l105.com/public/js/pedidoMuestra.js?v1752338097:3224:1)
    at dispatch (https://kamary.l105.com/public/js/core/jquery.min.js:2:7518)
    at r.handle (https://kamary.l105.com/public/js/core/jquery.min.js:2:5599)
[  581263ms] [LOG] Google Maps cargado @ https://kamary.l105.com/public/js/cliente.js?v1751507569:1935
[  581321ms] [WARNING] Google Maps JavaScript API has been loaded directly without loading=async. This can result in suboptimal performance. For best-practice loading patterns please see https://goo.gle/js-api-loading @ https://maps.googleapis.com/maps/api/js?key=AIzaSyBBPL41mFwmWqbqcMyUL3A6Y0BcDSs-7d4&language=ES&libraries=places:1519
[  581374ms] [LOG] Google Maps cargado @ https://kamary.l105.com/public/js/pedidoMuestra.js?v1752338097:3154
[  581375ms] [LOG] initEval, pedidoMuestra.js @ https://kamary.l105.com/public/js/pedidoMuestra.js?v1752338097:3157
[  581375ms] Uncaught InvalidValueError: Map: Expected mapDiv of type HTMLElement but was passed null.
    at _.Vm (https://maps.googleapis.com/maps/api/js?key=AIzaSyBBPL41mFwmWqbqcMyUL3A6Y0BcDSs-7d4&language=ES&libraries=places:1389:396)
    at _.fr (https://maps.googleapis.com/maps/api/js?key=AIzaSyBBPL41mFwmWqbqcMyUL3A6Y0BcDSs-7d4&language=ES&libraries=places:1464:273)
    at initEval (https://kamary.l105.com/public/js/pedidoMuestra.js?v1752338097:3159:8)
    at <anonymous> (https://kamary.l105.com/public/js/pedidoMuestra.js?v1752338097:3224:1)
    at dispatch (https://kamary.l105.com/public/js/core/jquery.min.js:2:7518)
    at r.handle (https://kamary.l105.com/public/js/core/jquery.min.js:2:5599)
[  586835ms] [LOG] Google Maps cargado @ https://kamary.l105.com/public/js/cliente.js?v1751507569:1935
[  586878ms] [WARNING] Google Maps JavaScript API has been loaded directly without loading=async. This can result in suboptimal performance. For best-practice loading patterns please see https://goo.gle/js-api-loading @ https://maps.googleapis.com/maps/api/js?key=AIzaSyBBPL41mFwmWqbqcMyUL3A6Y0BcDSs-7d4&language=ES&libraries=places:1519
[  586902ms] [LOG] Google Maps cargado @ https://kamary.l105.com/public/js/pedidoMuestra.js?v1752338097:3154
[  586903ms] [LOG] initEval, pedidoMuestra.js @ https://kamary.l105.com/public/js/pedidoMuestra.js?v1752338097:3157
[  586902ms] Uncaught InvalidValueError: Map: Expected mapDiv of type HTMLElement but was passed null.
    at _.Vm (https://maps.googleapis.com/maps/api/js?key=AIzaSyBBPL41mFwmWqbqcMyUL3A6Y0BcDSs-7d4&language=ES&libraries=places:1389:396)
    at _.fr (https://maps.googleapis.com/maps/api/js?key=AIzaSyBBPL41mFwmWqbqcMyUL3A6Y0BcDSs-7d4&language=ES&libraries=places:1464:273)
    at initEval (https://kamary.l105.com/public/js/pedidoMuestra.js?v1752338097:3159:8)
    at <anonymous> (https://kamary.l105.com/public/js/pedidoMuestra.js?v1752338097:3224:1)
    at dispatch (https://kamary.l105.com/public/js/core/jquery.min.js:2:7518)
    at r.handle (https://kamary.l105.com/public/js/core/jquery.min.js:2:5599)
[  592919ms] [LOG] Google Maps cargado @ https://kamary.l105.com/public/js/cliente.js?v1751507569:1935
[  592951ms] [WARNING] Google Maps JavaScript API has been loaded directly without loading=async. This can result in suboptimal performance. For best-practice loading patterns please see https://goo.gle/js-api-loading @ https://maps.googleapis.com/maps/api/js?key=AIzaSyBBPL41mFwmWqbqcMyUL3A6Y0BcDSs-7d4&language=ES&libraries=places:1519
[  592958ms] [LOG] Google Maps cargado @ https://kamary.l105.com/public/js/pedidoMuestra.js?v1752338097:3154
[  592958ms] [LOG] initEval, pedidoMuestra.js @ https://kamary.l105.com/public/js/pedidoMuestra.js?v1752338097:3157
[  592957ms] Uncaught InvalidValueError: Map: Expected mapDiv of type HTMLElement but was passed null.
    at _.Vm (https://maps.googleapis.com/maps/api/js?key=AIzaSyBBPL41mFwmWqbqcMyUL3A6Y0BcDSs-7d4&language=ES&libraries=places:1389:396)
    at _.fr (https://maps.googleapis.com/maps/api/js?key=AIzaSyBBPL41mFwmWqbqcMyUL3A6Y0BcDSs-7d4&language=ES&libraries=places:1464:273)
    at initEval (https://kamary.l105.com/public/js/pedidoMuestra.js?v1752338097:3159:8)
    at <anonymous> (https://kamary.l105.com/public/js/pedidoMuestra.js?v1752338097:3224:1)
    at dispatch (https://kamary.l105.com/public/js/core/jquery.min.js:2:7518)
    at r.handle (https://kamary.l105.com/public/js/core/jquery.min.js:2:5599)
[  600110ms] [LOG] Google Maps cargado @ https://kamary.l105.com/public/js/cliente.js?v1751507569:1935
[  600165ms] [WARNING] Google Maps JavaScript API has been loaded directly without loading=async. This can result in suboptimal performance. For best-practice loading patterns please see https://goo.gle/js-api-loading @ https://maps.googleapis.com/maps/api/js?key=AIzaSyBBPL41mFwmWqbqcMyUL3A6Y0BcDSs-7d4&language=ES&libraries=places:1519
[  600179ms] [LOG] Google Maps cargado @ https://kamary.l105.com/public/js/pedidoMuestra.js?v1752338097:3154
[  600179ms] [LOG] initEval, pedidoMuestra.js @ https://kamary.l105.com/public/js/pedidoMuestra.js?v1752338097:3157
[  600180ms] Uncaught InvalidValueError: Map: Expected mapDiv of type HTMLElement but was passed null.
    at _.Vm (https://maps.googleapis.com/maps/api/js?key=AIzaSyBBPL41mFwmWqbqcMyUL3A6Y0BcDSs-7d4&language=ES&libraries=places:1389:396)
    at _.fr (https://maps.googleapis.com/maps/api/js?key=AIzaSyBBPL41mFwmWqbqcMyUL3A6Y0BcDSs-7d4&language=ES&libraries=places:1464:273)
    at initEval (https://kamary.l105.com/public/js/pedidoMuestra.js?v1752338097:3159:8)
    at <anonymous> (https://kamary.l105.com/public/js/pedidoMuestra.js?v1752338097:3224:1)
    at dispatch (https://kamary.l105.com/public/js/core/jquery.min.js:2:7518)
    at r.handle (https://kamary.l105.com/public/js/core/jquery.min.js:2:5599)
[  605296ms] [WARNING] Google Maps JavaScript API has been loaded directly without loading=async. This can result in suboptimal performance. For best-practice loading patterns please see https://goo.gle/js-api-loading @ https://maps.googleapis.com/maps/api/js?key=AIzaSyBBPL41mFwmWqbqcMyUL3A6Y0BcDSs-7d4&language=ES&libraries=places:1519
[  606714ms] [LOG] Google Maps cargado @ https://kamary.l105.com/public/js/cliente.js?v1751507569:1935
[  606741ms] [LOG] Google Maps cargado @ https://kamary.l105.com/public/js/pedidoMuestra.js?v1752338097:3154
[  606741ms] [LOG] initEval, pedidoMuestra.js @ https://kamary.l105.com/public/js/pedidoMuestra.js?v1752338097:3157
[  606741ms] Uncaught InvalidValueError: Map: Expected mapDiv of type HTMLElement but was passed null.
    at _.Vm (https://maps.googleapis.com/maps/api/js?key=AIzaSyBBPL41mFwmWqbqcMyUL3A6Y0BcDSs-7d4&language=ES&libraries=places:1389:396)
    at _.fr (https://maps.googleapis.com/maps/api/js?key=AIzaSyBBPL41mFwmWqbqcMyUL3A6Y0BcDSs-7d4&language=ES&libraries=places:1464:273)
    at initEval (https://kamary.l105.com/public/js/pedidoMuestra.js?v1752338097:3159:8)
    at <anonymous> (https://kamary.l105.com/public/js/pedidoMuestra.js?v1752338097:3224:1)
    at dispatch (https://kamary.l105.com/public/js/core/jquery.min.js:2:7518)
    at r.handle (https://kamary.l105.com/public/js/core/jquery.min.js:2:5599)
[  613493ms] [WARNING] Google Maps JavaScript API has been loaded directly without loading=async. This can result in suboptimal performance. For best-practice loading patterns please see https://goo.gle/js-api-loading @ https://maps.googleapis.com/maps/api/js?key=AIzaSyBBPL41mFwmWqbqcMyUL3A6Y0BcDSs-7d4&language=ES&libraries=places:1519
[  614938ms] [LOG] Google Maps cargado @ https://kamary.l105.com/public/js/cliente.js?v1751507569:1935
[  614961ms] [LOG] Google Maps cargado @ https://kamary.l105.com/public/js/pedidoMuestra.js?v1752338097:3154
[  614961ms] [LOG] initEval, pedidoMuestra.js @ https://kamary.l105.com/public/js/pedidoMuestra.js?v1752338097:3157
[  614960ms] Uncaught InvalidValueError: Map: Expected mapDiv of type HTMLElement but was passed null.
    at _.Vm (https://maps.googleapis.com/maps/api/js?key=AIzaSyBBPL41mFwmWqbqcMyUL3A6Y0BcDSs-7d4&language=ES&libraries=places:1389:396)
    at _.fr (https://maps.googleapis.com/maps/api/js?key=AIzaSyBBPL41mFwmWqbqcMyUL3A6Y0BcDSs-7d4&language=ES&libraries=places:1464:273)
    at initEval (https://kamary.l105.com/public/js/pedidoMuestra.js?v1752338097:3159:8)
    at <anonymous> (https://kamary.l105.com/public/js/pedidoMuestra.js?v1752338097:3224:1)
    at dispatch (https://kamary.l105.com/public/js/core/jquery.min.js:2:7518)
    at r.handle (https://kamary.l105.com/public/js/core/jquery.min.js:2:5599)
[  621183ms] [WARNING] Google Maps JavaScript API has been loaded directly without loading=async. This can result in suboptimal performance. For best-practice loading patterns please see https://goo.gle/js-api-loading @ https://maps.googleapis.com/maps/api/js?key=AIzaSyBBPL41mFwmWqbqcMyUL3A6Y0BcDSs-7d4&language=ES&libraries=places:1519
[  622646ms] [LOG] Google Maps cargado @ https://kamary.l105.com/public/js/cliente.js?v1751507569:1935
[  622669ms] [LOG] Google Maps cargado @ https://kamary.l105.com/public/js/pedidoMuestra.js?v1752338097:3154
[  622669ms] [LOG] initEval, pedidoMuestra.js @ https://kamary.l105.com/public/js/pedidoMuestra.js?v1752338097:3157
[  622669ms] Uncaught InvalidValueError: Map: Expected mapDiv of type HTMLElement but was passed null.
    at _.Vm (https://maps.googleapis.com/maps/api/js?key=AIzaSyBBPL41mFwmWqbqcMyUL3A6Y0BcDSs-7d4&language=ES&libraries=places:1389:396)
    at _.fr (https://maps.googleapis.com/maps/api/js?key=AIzaSyBBPL41mFwmWqbqcMyUL3A6Y0BcDSs-7d4&language=ES&libraries=places:1464:273)
    at initEval (https://kamary.l105.com/public/js/pedidoMuestra.js?v1752338097:3159:8)
    at <anonymous> (https://kamary.l105.com/public/js/pedidoMuestra.js?v1752338097:3224:1)
    at dispatch (https://kamary.l105.com/public/js/core/jquery.min.js:2:7518)
    at r.handle (https://kamary.l105.com/public/js/core/jquery.min.js:2:5599)
[  628848ms] [LOG] Google Maps cargado @ https://kamary.l105.com/public/js/cliente.js?v1751507569:1935
[  628878ms] [WARNING] Google Maps JavaScript API has been loaded directly without loading=async. This can result in suboptimal performance. For best-practice loading patterns please see https://goo.gle/js-api-loading @ https://maps.googleapis.com/maps/api/js?key=AIzaSyBBPL41mFwmWqbqcMyUL3A6Y0BcDSs-7d4&language=ES&libraries=places:1519
[  628891ms] [LOG] Google Maps cargado @ https://kamary.l105.com/public/js/pedidoMuestra.js?v1752338097:3154
[  628891ms] [LOG] initEval, pedidoMuestra.js @ https://kamary.l105.com/public/js/pedidoMuestra.js?v1752338097:3157
[  628891ms] Uncaught InvalidValueError: Map: Expected mapDiv of type HTMLElement but was passed null.
    at _.Vm (https://maps.googleapis.com/maps/api/js?key=AIzaSyBBPL41mFwmWqbqcMyUL3A6Y0BcDSs-7d4&language=ES&libraries=places:1389:396)
    at _.fr (https://maps.googleapis.com/maps/api/js?key=AIzaSyBBPL41mFwmWqbqcMyUL3A6Y0BcDSs-7d4&language=ES&libraries=places:1464:273)
    at initEval (https://kamary.l105.com/public/js/pedidoMuestra.js?v1752338097:3159:8)
    at <anonymous> (https://kamary.l105.com/public/js/pedidoMuestra.js?v1752338097:3224:1)
    at dispatch (https://kamary.l105.com/public/js/core/jquery.min.js:2:7518)
    at r.handle (https://kamary.l105.com/public/js/core/jquery.min.js:2:5599)
[  631733ms] [LOG] Google Maps cargado @ https://kamary.l105.com/public/js/cliente.js?v1751507569:1935
[  631782ms] [WARNING] Google Maps JavaScript API has been loaded directly without loading=async. This can result in suboptimal performance. For best-practice loading patterns please see https://goo.gle/js-api-loading @ https://maps.googleapis.com/maps/api/js?key=AIzaSyBBPL41mFwmWqbqcMyUL3A6Y0BcDSs-7d4&language=ES&libraries=places:1519
[  631812ms] [LOG] Google Maps cargado @ https://kamary.l105.com/public/js/pedidoMuestra.js?v1752338097:3154
[  631812ms] [LOG] initEval, pedidoMuestra.js @ https://kamary.l105.com/public/js/pedidoMuestra.js?v1752338097:3157
[  631812ms] Uncaught InvalidValueError: Map: Expected mapDiv of type HTMLElement but was passed null.
    at _.Vm (https://maps.googleapis.com/maps/api/js?key=AIzaSyBBPL41mFwmWqbqcMyUL3A6Y0BcDSs-7d4&language=ES&libraries=places:1389:396)
    at _.fr (https://maps.googleapis.com/maps/api/js?key=AIzaSyBBPL41mFwmWqbqcMyUL3A6Y0BcDSs-7d4&language=ES&libraries=places:1464:273)
    at initEval (https://kamary.l105.com/public/js/pedidoMuestra.js?v1752338097:3159:8)
    at <anonymous> (https://kamary.l105.com/public/js/pedidoMuestra.js?v1752338097:3224:1)
    at dispatch (https://kamary.l105.com/public/js/core/jquery.min.js:2:7518)
    at r.handle (https://kamary.l105.com/public/js/core/jquery.min.js:2:5599)
[  634500ms] [LOG] Google Maps cargado @ https://kamary.l105.com/public/js/cliente.js?v1751507569:1935
[  634550ms] [WARNING] Google Maps JavaScript API has been loaded directly without loading=async. This can result in suboptimal performance. For best-practice loading patterns please see https://goo.gle/js-api-loading @ https://maps.googleapis.com/maps/api/js?key=AIzaSyBBPL41mFwmWqbqcMyUL3A6Y0BcDSs-7d4&language=ES&libraries=places:1519
[  634564ms] [LOG] Google Maps cargado @ https://kamary.l105.com/public/js/pedidoMuestra.js?v1752338097:3154
[  634564ms] [LOG] initEval, pedidoMuestra.js @ https://kamary.l105.com/public/js/pedidoMuestra.js?v1752338097:3157
[  634564ms] Uncaught InvalidValueError: Map: Expected mapDiv of type HTMLElement but was passed null.
    at _.Vm (https://maps.googleapis.com/maps/api/js?key=AIzaSyBBPL41mFwmWqbqcMyUL3A6Y0BcDSs-7d4&language=ES&libraries=places:1389:396)
    at _.fr (https://maps.googleapis.com/maps/api/js?key=AIzaSyBBPL41mFwmWqbqcMyUL3A6Y0BcDSs-7d4&language=ES&libraries=places:1464:273)
    at initEval (https://kamary.l105.com/public/js/pedidoMuestra.js?v1752338097:3159:8)
    at <anonymous> (https://kamary.l105.com/public/js/pedidoMuestra.js?v1752338097:3224:1)
    at dispatch (https://kamary.l105.com/public/js/core/jquery.min.js:2:7518)
    at r.handle (https://kamary.l105.com/public/js/core/jquery.min.js:2:5599)
[  639107ms] [LOG] Google Maps cargado @ https://kamary.l105.com/public/js/cliente.js?v1751507569:1935
[  639158ms] [WARNING] Google Maps JavaScript API has been loaded directly without loading=async. This can result in suboptimal performance. For best-practice loading patterns please see https://goo.gle/js-api-loading @ https://maps.googleapis.com/maps/api/js?key=AIzaSyBBPL41mFwmWqbqcMyUL3A6Y0BcDSs-7d4&language=ES&libraries=places:1519
[  639171ms] [LOG] Google Maps cargado @ https://kamary.l105.com/public/js/pedidoMuestra.js?v1752338097:3154
[  639171ms] [LOG] initEval, pedidoMuestra.js @ https://kamary.l105.com/public/js/pedidoMuestra.js?v1752338097:3157
[  639170ms] Uncaught InvalidValueError: Map: Expected mapDiv of type HTMLElement but was passed null.
    at _.Vm (https://maps.googleapis.com/maps/api/js?key=AIzaSyBBPL41mFwmWqbqcMyUL3A6Y0BcDSs-7d4&language=ES&libraries=places:1389:396)
    at _.fr (https://maps.googleapis.com/maps/api/js?key=AIzaSyBBPL41mFwmWqbqcMyUL3A6Y0BcDSs-7d4&language=ES&libraries=places:1464:273)
    at initEval (https://kamary.l105.com/public/js/pedidoMuestra.js?v1752338097:3159:8)
    at <anonymous> (https://kamary.l105.com/public/js/pedidoMuestra.js?v1752338097:3224:1)
    at dispatch (https://kamary.l105.com/public/js/core/jquery.min.js:2:7518)
    at r.handle (https://kamary.l105.com/public/js/core/jquery.min.js:2:5599)
[  641891ms] [LOG] Google Maps cargado @ https://kamary.l105.com/public/js/cliente.js?v1751507569:1935
[  641941ms] [WARNING] Google Maps JavaScript API has been loaded directly without loading=async. This can result in suboptimal performance. For best-practice loading patterns please see https://goo.gle/js-api-loading @ https://maps.googleapis.com/maps/api/js?key=AIzaSyBBPL41mFwmWqbqcMyUL3A6Y0BcDSs-7d4&language=ES&libraries=places:1519
[  641972ms] [LOG] Google Maps cargado @ https://kamary.l105.com/public/js/pedidoMuestra.js?v1752338097:3154
[  641972ms] [LOG] initEval, pedidoMuestra.js @ https://kamary.l105.com/public/js/pedidoMuestra.js?v1752338097:3157
[  641971ms] Uncaught InvalidValueError: Map: Expected mapDiv of type HTMLElement but was passed null.
    at _.Vm (https://maps.googleapis.com/maps/api/js?key=AIzaSyBBPL41mFwmWqbqcMyUL3A6Y0BcDSs-7d4&language=ES&libraries=places:1389:396)
    at _.fr (https://maps.googleapis.com/maps/api/js?key=AIzaSyBBPL41mFwmWqbqcMyUL3A6Y0BcDSs-7d4&language=ES&libraries=places:1464:273)
    at initEval (https://kamary.l105.com/public/js/pedidoMuestra.js?v1752338097:3159:8)
    at <anonymous> (https://kamary.l105.com/public/js/pedidoMuestra.js?v1752338097:3224:1)
    at dispatch (https://kamary.l105.com/public/js/core/jquery.min.js:2:7518)
    at r.handle (https://kamary.l105.com/public/js/core/jquery.min.js:2:5599)
[  662424ms] [LOG] Google Maps cargado @ https://kamary.l105.com/public/js/cliente.js?v1751507569:1935
[  662473ms] [WARNING] Google Maps JavaScript API has been loaded directly without loading=async. This can result in suboptimal performance. For best-practice loading patterns please see https://goo.gle/js-api-loading @ https://maps.googleapis.com/maps/api/js?key=AIzaSyBBPL41mFwmWqbqcMyUL3A6Y0BcDSs-7d4&language=ES&libraries=places:1519
[  662487ms] [LOG] Google Maps cargado @ https://kamary.l105.com/public/js/pedidoMuestra.js?v1752338097:3154
[  662488ms] [LOG] initEval, pedidoMuestra.js @ https://kamary.l105.com/public/js/pedidoMuestra.js?v1752338097:3157
[  662487ms] Uncaught InvalidValueError: Map: Expected mapDiv of type HTMLElement but was passed null.
    at _.Vm (https://maps.googleapis.com/maps/api/js?key=AIzaSyBBPL41mFwmWqbqcMyUL3A6Y0BcDSs-7d4&language=ES&libraries=places:1389:396)
    at _.fr (https://maps.googleapis.com/maps/api/js?key=AIzaSyBBPL41mFwmWqbqcMyUL3A6Y0BcDSs-7d4&language=ES&libraries=places:1464:273)
    at initEval (https://kamary.l105.com/public/js/pedidoMuestra.js?v1752338097:3159:8)
    at <anonymous> (https://kamary.l105.com/public/js/pedidoMuestra.js?v1752338097:3224:1)
    at dispatch (https://kamary.l105.com/public/js/core/jquery.min.js:2:7518)
    at r.handle (https://kamary.l105.com/public/js/core/jquery.min.js:2:5599)
[  680151ms] [LOG] Google Maps cargado @ https://kamary.l105.com/public/js/cliente.js?v1751507569:1935
[  680186ms] [WARNING] Google Maps JavaScript API has been loaded directly without loading=async. This can result in suboptimal performance. For best-practice loading patterns please see https://goo.gle/js-api-loading @ https://maps.googleapis.com/maps/api/js?key=AIzaSyBBPL41mFwmWqbqcMyUL3A6Y0BcDSs-7d4&language=ES&libraries=places:1519
[  680195ms] [LOG] Google Maps cargado @ https://kamary.l105.com/public/js/pedidoMuestra.js?v1752338097:3154
[  680196ms] [LOG] initEval, pedidoMuestra.js @ https://kamary.l105.com/public/js/pedidoMuestra.js?v1752338097:3157
[  680196ms] Uncaught InvalidValueError: Map: Expected mapDiv of type HTMLElement but was passed null.
    at _.Vm (https://maps.googleapis.com/maps/api/js?key=AIzaSyBBPL41mFwmWqbqcMyUL3A6Y0BcDSs-7d4&language=ES&libraries=places:1389:396)
    at _.fr (https://maps.googleapis.com/maps/api/js?key=AIzaSyBBPL41mFwmWqbqcMyUL3A6Y0BcDSs-7d4&language=ES&libraries=places:1464:273)
    at initEval (https://kamary.l105.com/public/js/pedidoMuestra.js?v1752338097:3159:8)
    at <anonymous> (https://kamary.l105.com/public/js/pedidoMuestra.js?v1752338097:3224:1)
    at dispatch (https://kamary.l105.com/public/js/core/jquery.min.js:2:7518)
    at r.handle (https://kamary.l105.com/public/js/core/jquery.min.js:2:5599)
[  701629ms] [LOG] Google Maps cargado @ https://kamary.l105.com/public/js/cliente.js?v1751507569:1935
[  701663ms] [WARNING] Google Maps JavaScript API has been loaded directly without loading=async. This can result in suboptimal performance. For best-practice loading patterns please see https://goo.gle/js-api-loading @ https://maps.googleapis.com/maps/api/js?key=AIzaSyBBPL41mFwmWqbqcMyUL3A6Y0BcDSs-7d4&language=ES&libraries=places:1519
[  701673ms] [LOG] Google Maps cargado @ https://kamary.l105.com/public/js/pedidoMuestra.js?v1752338097:3154
[  701673ms] [LOG] initEval, pedidoMuestra.js @ https://kamary.l105.com/public/js/pedidoMuestra.js?v1752338097:3157
[  701673ms] Uncaught InvalidValueError: Map: Expected mapDiv of type HTMLElement but was passed null.
    at _.Vm (https://maps.googleapis.com/maps/api/js?key=AIzaSyBBPL41mFwmWqbqcMyUL3A6Y0BcDSs-7d4&language=ES&libraries=places:1389:396)
    at _.fr (https://maps.googleapis.com/maps/api/js?key=AIzaSyBBPL41mFwmWqbqcMyUL3A6Y0BcDSs-7d4&language=ES&libraries=places:1464:273)
    at initEval (https://kamary.l105.com/public/js/pedidoMuestra.js?v1752338097:3159:8)
    at <anonymous> (https://kamary.l105.com/public/js/pedidoMuestra.js?v1752338097:3224:1)
    at dispatch (https://kamary.l105.com/public/js/core/jquery.min.js:2:7518)
    at r.handle (https://kamary.l105.com/public/js/core/jquery.min.js:2:5599)
[  725165ms] [LOG] Google Maps cargado @ https://kamary.l105.com/public/js/cliente.js?v1751507569:1935
[  725207ms] [WARNING] Google Maps JavaScript API has been loaded directly without loading=async. This can result in suboptimal performance. For best-practice loading patterns please see https://goo.gle/js-api-loading @ https://maps.googleapis.com/maps/api/js?key=AIzaSyBBPL41mFwmWqbqcMyUL3A6Y0BcDSs-7d4&language=ES&libraries=places:1519
[  725217ms] [LOG] Google Maps cargado @ https://kamary.l105.com/public/js/pedidoMuestra.js?v1752338097:3154
[  725217ms] [LOG] initEval, pedidoMuestra.js @ https://kamary.l105.com/public/js/pedidoMuestra.js?v1752338097:3157
[  725218ms] Uncaught InvalidValueError: Map: Expected mapDiv of type HTMLElement but was passed null.
    at _.Vm (https://maps.googleapis.com/maps/api/js?key=AIzaSyBBPL41mFwmWqbqcMyUL3A6Y0BcDSs-7d4&language=ES&libraries=places:1389:396)
    at _.fr (https://maps.googleapis.com/maps/api/js?key=AIzaSyBBPL41mFwmWqbqcMyUL3A6Y0BcDSs-7d4&language=ES&libraries=places:1464:273)
    at initEval (https://kamary.l105.com/public/js/pedidoMuestra.js?v1752338097:3159:8)
    at <anonymous> (https://kamary.l105.com/public/js/pedidoMuestra.js?v1752338097:3224:1)
    at dispatch (https://kamary.l105.com/public/js/core/jquery.min.js:2:7518)
    at r.handle (https://kamary.l105.com/public/js/core/jquery.min.js:2:5599)
[  731469ms] [LOG] Google Maps cargado @ https://kamary.l105.com/public/js/cliente.js?v1751507569:1935
[  731526ms] [WARNING] Google Maps JavaScript API has been loaded directly without loading=async. This can result in suboptimal performance. For best-practice loading patterns please see https://goo.gle/js-api-loading @ https://maps.googleapis.com/maps/api/js?key=AIzaSyBBPL41mFwmWqbqcMyUL3A6Y0BcDSs-7d4&language=ES&libraries=places:1519
[  731533ms] [LOG] Google Maps cargado @ https://kamary.l105.com/public/js/pedidoMuestra.js?v1752338097:3154
[  731533ms] [LOG] initEval, pedidoMuestra.js @ https://kamary.l105.com/public/js/pedidoMuestra.js?v1752338097:3157
[  731533ms] Uncaught InvalidValueError: Map: Expected mapDiv of type HTMLElement but was passed null.
    at _.Vm (https://maps.googleapis.com/maps/api/js?key=AIzaSyBBPL41mFwmWqbqcMyUL3A6Y0BcDSs-7d4&language=ES&libraries=places:1389:396)
    at _.fr (https://maps.googleapis.com/maps/api/js?key=AIzaSyBBPL41mFwmWqbqcMyUL3A6Y0BcDSs-7d4&language=ES&libraries=places:1464:273)
    at initEval (https://kamary.l105.com/public/js/pedidoMuestra.js?v1752338097:3159:8)
    at <anonymous> (https://kamary.l105.com/public/js/pedidoMuestra.js?v1752338097:3224:1)
    at dispatch (https://kamary.l105.com/public/js/core/jquery.min.js:2:7518)
    at r.handle (https://kamary.l105.com/public/js/core/jquery.min.js:2:5599)
[  735794ms] [LOG] Google Maps cargado @ https://kamary.l105.com/public/js/cliente.js?v1751507569:1935
[  735856ms] [WARNING] Google Maps JavaScript API has been loaded directly without loading=async. This can result in suboptimal performance. For best-practice loading patterns please see https://goo.gle/js-api-loading @ https://maps.googleapis.com/maps/api/js?key=AIzaSyBBPL41mFwmWqbqcMyUL3A6Y0BcDSs-7d4&language=ES&libraries=places:1519
[  735867ms] [LOG] Google Maps cargado @ https://kamary.l105.com/public/js/pedidoMuestra.js?v1752338097:3154
[  735867ms] [LOG] initEval, pedidoMuestra.js @ https://kamary.l105.com/public/js/pedidoMuestra.js?v1752338097:3157
[  735867ms] Uncaught InvalidValueError: Map: Expected mapDiv of type HTMLElement but was passed null.
    at _.Vm (https://maps.googleapis.com/maps/api/js?key=AIzaSyBBPL41mFwmWqbqcMyUL3A6Y0BcDSs-7d4&language=ES&libraries=places:1389:396)
    at _.fr (https://maps.googleapis.com/maps/api/js?key=AIzaSyBBPL41mFwmWqbqcMyUL3A6Y0BcDSs-7d4&language=ES&libraries=places:1464:273)
    at initEval (https://kamary.l105.com/public/js/pedidoMuestra.js?v1752338097:3159:8)
    at <anonymous> (https://kamary.l105.com/public/js/pedidoMuestra.js?v1752338097:3224:1)
    at dispatch (https://kamary.l105.com/public/js/core/jquery.min.js:2:7518)
    at r.handle (https://kamary.l105.com/public/js/core/jquery.min.js:2:5599)
[  741536ms] [LOG] Google Maps cargado @ https://kamary.l105.com/public/js/cliente.js?v1751507569:1935
[  741602ms] [WARNING] Google Maps JavaScript API has been loaded directly without loading=async. This can result in suboptimal performance. For best-practice loading patterns please see https://goo.gle/js-api-loading @ https://maps.googleapis.com/maps/api/js?key=AIzaSyBBPL41mFwmWqbqcMyUL3A6Y0BcDSs-7d4&language=ES&libraries=places:1519
[  741614ms] [LOG] Google Maps cargado @ https://kamary.l105.com/public/js/pedidoMuestra.js?v1752338097:3154
[  741614ms] [LOG] initEval, pedidoMuestra.js @ https://kamary.l105.com/public/js/pedidoMuestra.js?v1752338097:3157
[  741613ms] Uncaught InvalidValueError: Map: Expected mapDiv of type HTMLElement but was passed null.
    at _.Vm (https://maps.googleapis.com/maps/api/js?key=AIzaSyBBPL41mFwmWqbqcMyUL3A6Y0BcDSs-7d4&language=ES&libraries=places:1389:396)
    at _.fr (https://maps.googleapis.com/maps/api/js?key=AIzaSyBBPL41mFwmWqbqcMyUL3A6Y0BcDSs-7d4&language=ES&libraries=places:1464:273)
    at initEval (https://kamary.l105.com/public/js/pedidoMuestra.js?v1752338097:3159:8)
    at <anonymous> (https://kamary.l105.com/public/js/pedidoMuestra.js?v1752338097:3224:1)
    at dispatch (https://kamary.l105.com/public/js/core/jquery.min.js:2:7518)
    at r.handle (https://kamary.l105.com/public/js/core/jquery.min.js:2:5599)
[  745491ms] [LOG] Google Maps cargado @ https://kamary.l105.com/public/js/cliente.js?v1751507569:1935
[  745554ms] [WARNING] Google Maps JavaScript API has been loaded directly without loading=async. This can result in suboptimal performance. For best-practice loading patterns please see https://goo.gle/js-api-loading @ https://maps.googleapis.com/maps/api/js?key=AIzaSyBBPL41mFwmWqbqcMyUL3A6Y0BcDSs-7d4&language=ES&libraries=places:1519
[  745584ms] [LOG] Google Maps cargado @ https://kamary.l105.com/public/js/pedidoMuestra.js?v1752338097:3154
[  745584ms] [LOG] initEval, pedidoMuestra.js @ https://kamary.l105.com/public/js/pedidoMuestra.js?v1752338097:3157
[  745585ms] Uncaught InvalidValueError: Map: Expected mapDiv of type HTMLElement but was passed null.
    at _.Vm (https://maps.googleapis.com/maps/api/js?key=AIzaSyBBPL41mFwmWqbqcMyUL3A6Y0BcDSs-7d4&language=ES&libraries=places:1389:396)
    at _.fr (https://maps.googleapis.com/maps/api/js?key=AIzaSyBBPL41mFwmWqbqcMyUL3A6Y0BcDSs-7d4&language=ES&libraries=places:1464:273)
    at initEval (https://kamary.l105.com/public/js/pedidoMuestra.js?v1752338097:3159:8)
    at <anonymous> (https://kamary.l105.com/public/js/pedidoMuestra.js?v1752338097:3224:1)
    at dispatch (https://kamary.l105.com/public/js/core/jquery.min.js:2:7518)
    at r.handle (https://kamary.l105.com/public/js/core/jquery.min.js:2:5599)
[  917088ms] [LOG] Google Maps cargado @ https://kamary.l105.com/public/js/cliente.js?v1751507569:1935
[  917193ms] [WARNING] Google Maps JavaScript API has been loaded directly without loading=async. This can result in suboptimal performance. For best-practice loading patterns please see https://goo.gle/js-api-loading @ https://maps.googleapis.com/maps/api/js?key=AIzaSyBBPL41mFwmWqbqcMyUL3A6Y0BcDSs-7d4&language=ES&libraries=places:1519
[  917214ms] [LOG] Google Maps cargado @ https://kamary.l105.com/public/js/pedidoMuestra.js?v1752338097:3154
[  917214ms] [LOG] initEval, pedidoMuestra.js @ https://kamary.l105.com/public/js/pedidoMuestra.js?v1752338097:3157
[  917215ms] Uncaught InvalidValueError: Map: Expected mapDiv of type HTMLElement but was passed null.
    at _.Vm (https://maps.googleapis.com/maps/api/js?key=AIzaSyBBPL41mFwmWqbqcMyUL3A6Y0BcDSs-7d4&language=ES&libraries=places:1389:396)
    at _.fr (https://maps.googleapis.com/maps/api/js?key=AIzaSyBBPL41mFwmWqbqcMyUL3A6Y0BcDSs-7d4&language=ES&libraries=places:1464:273)
    at initEval (https://kamary.l105.com/public/js/pedidoMuestra.js?v1752338097:3159:8)
    at <anonymous> (https://kamary.l105.com/public/js/pedidoMuestra.js?v1752338097:3224:1)
    at dispatch (https://kamary.l105.com/public/js/core/jquery.min.js:2:7518)
    at r.handle (https://kamary.l105.com/public/js/core/jquery.min.js:2:5599)
[  925292ms] [LOG] Google Maps cargado @ https://kamary.l105.com/public/js/cliente.js?v1751507569:1935
[  925313ms] [WARNING] Google Maps JavaScript API has been loaded directly without loading=async. This can result in suboptimal performance. For best-practice loading patterns please see https://goo.gle/js-api-loading @ https://maps.googleapis.com/maps/api/js?key=AIzaSyBBPL41mFwmWqbqcMyUL3A6Y0BcDSs-7d4&language=ES&libraries=places:1519
[  925323ms] [LOG] Google Maps cargado @ https://kamary.l105.com/public/js/pedidoMuestra.js?v1752338097:3154
[  925323ms] [LOG] initEval, pedidoMuestra.js @ https://kamary.l105.com/public/js/pedidoMuestra.js?v1752338097:3157
[  925323ms] Uncaught InvalidValueError: Map: Expected mapDiv of type HTMLElement but was passed null.
    at _.Vm (https://maps.googleapis.com/maps/api/js?key=AIzaSyBBPL41mFwmWqbqcMyUL3A6Y0BcDSs-7d4&language=ES&libraries=places:1389:396)
    at _.fr (https://maps.googleapis.com/maps/api/js?key=AIzaSyBBPL41mFwmWqbqcMyUL3A6Y0BcDSs-7d4&language=ES&libraries=places:1464:273)
    at initEval (https://kamary.l105.com/public/js/pedidoMuestra.js?v1752338097:3159:8)
    at <anonymous> (https://kamary.l105.com/public/js/pedidoMuestra.js?v1752338097:3224:1)
    at dispatch (https://kamary.l105.com/public/js/core/jquery.min.js:2:7518)
    at r.handle (https://kamary.l105.com/public/js/core/jquery.min.js:2:5599)
[  933173ms] [LOG] Google Maps cargado @ https://kamary.l105.com/public/js/cliente.js?v1751507569:1935
[  933204ms] [WARNING] Google Maps JavaScript API has been loaded directly without loading=async. This can result in suboptimal performance. For best-practice loading patterns please see https://goo.gle/js-api-loading @ https://maps.googleapis.com/maps/api/js?key=AIzaSyBBPL41mFwmWqbqcMyUL3A6Y0BcDSs-7d4&language=ES&libraries=places:1519
[  933216ms] [LOG] Google Maps cargado @ https://kamary.l105.com/public/js/pedidoMuestra.js?v1752338097:3154
[  933216ms] [LOG] initEval, pedidoMuestra.js @ https://kamary.l105.com/public/js/pedidoMuestra.js?v1752338097:3157
[  933216ms] Uncaught InvalidValueError: Map: Expected mapDiv of type HTMLElement but was passed null.
    at _.Vm (https://maps.googleapis.com/maps/api/js?key=AIzaSyBBPL41mFwmWqbqcMyUL3A6Y0BcDSs-7d4&language=ES&libraries=places:1389:396)
    at _.fr (https://maps.googleapis.com/maps/api/js?key=AIzaSyBBPL41mFwmWqbqcMyUL3A6Y0BcDSs-7d4&language=ES&libraries=places:1464:273)
    at initEval (https://kamary.l105.com/public/js/pedidoMuestra.js?v1752338097:3159:8)
    at <anonymous> (https://kamary.l105.com/public/js/pedidoMuestra.js?v1752338097:3224:1)
    at dispatch (https://kamary.l105.com/public/js/core/jquery.min.js:2:7518)
    at r.handle (https://kamary.l105.com/public/js/core/jquery.min.js:2:5599)
[  940611ms] [LOG] Google Maps cargado @ https://kamary.l105.com/public/js/cliente.js?v1751507569:1935
[  940636ms] [WARNING] Google Maps JavaScript API has been loaded directly without loading=async. This can result in suboptimal performance. For best-practice loading patterns please see https://goo.gle/js-api-loading @ https://maps.googleapis.com/maps/api/js?key=AIzaSyBBPL41mFwmWqbqcMyUL3A6Y0BcDSs-7d4&language=ES&libraries=places:1519
[  940646ms] [LOG] Google Maps cargado @ https://kamary.l105.com/public/js/pedidoMuestra.js?v1752338097:3154
[  940646ms] [LOG] initEval, pedidoMuestra.js @ https://kamary.l105.com/public/js/pedidoMuestra.js?v1752338097:3157
[  940646ms] Uncaught InvalidValueError: Map: Expected mapDiv of type HTMLElement but was passed null.
    at _.Vm (https://maps.googleapis.com/maps/api/js?key=AIzaSyBBPL41mFwmWqbqcMyUL3A6Y0BcDSs-7d4&language=ES&libraries=places:1389:396)
    at _.fr (https://maps.googleapis.com/maps/api/js?key=AIzaSyBBPL41mFwmWqbqcMyUL3A6Y0BcDSs-7d4&language=ES&libraries=places:1464:273)
    at initEval (https://kamary.l105.com/public/js/pedidoMuestra.js?v1752338097:3159:8)
    at <anonymous> (https://kamary.l105.com/public/js/pedidoMuestra.js?v1752338097:3224:1)
    at dispatch (https://kamary.l105.com/public/js/core/jquery.min.js:2:7518)
    at r.handle (https://kamary.l105.com/public/js/core/jquery.min.js:2:5599)
[  948319ms] [LOG] Google Maps cargado @ https://kamary.l105.com/public/js/cliente.js?v1751507569:1935
[  948351ms] [WARNING] Google Maps JavaScript API has been loaded directly without loading=async. This can result in suboptimal performance. For best-practice loading patterns please see https://goo.gle/js-api-loading @ https://maps.googleapis.com/maps/api/js?key=AIzaSyBBPL41mFwmWqbqcMyUL3A6Y0BcDSs-7d4&language=ES&libraries=places:1519
[  948363ms] [LOG] Google Maps cargado @ https://kamary.l105.com/public/js/pedidoMuestra.js?v1752338097:3154
[  948363ms] [LOG] initEval, pedidoMuestra.js @ https://kamary.l105.com/public/js/pedidoMuestra.js?v1752338097:3157
[  948364ms] Uncaught InvalidValueError: Map: Expected mapDiv of type HTMLElement but was passed null.
    at _.Vm (https://maps.googleapis.com/maps/api/js?key=AIzaSyBBPL41mFwmWqbqcMyUL3A6Y0BcDSs-7d4&language=ES&libraries=places:1389:396)
    at _.fr (https://maps.googleapis.com/maps/api/js?key=AIzaSyBBPL41mFwmWqbqcMyUL3A6Y0BcDSs-7d4&language=ES&libraries=places:1464:273)
    at initEval (https://kamary.l105.com/public/js/pedidoMuestra.js?v1752338097:3159:8)
    at <anonymous> (https://kamary.l105.com/public/js/pedidoMuestra.js?v1752338097:3224:1)
    at dispatch (https://kamary.l105.com/public/js/core/jquery.min.js:2:7518)
    at r.handle (https://kamary.l105.com/public/js/core/jquery.min.js:2:5599)
[  957833ms] [LOG] Google Maps cargado @ https://kamary.l105.com/public/js/cliente.js?v1751507569:1935
[  957867ms] [WARNING] Google Maps JavaScript API has been loaded directly without loading=async. This can result in suboptimal performance. For best-practice loading patterns please see https://goo.gle/js-api-loading @ https://maps.googleapis.com/maps/api/js?key=AIzaSyBBPL41mFwmWqbqcMyUL3A6Y0BcDSs-7d4&language=ES&libraries=places:1519
[  957874ms] [LOG] Google Maps cargado @ https://kamary.l105.com/public/js/pedidoMuestra.js?v1752338097:3154
[  957874ms] [LOG] initEval, pedidoMuestra.js @ https://kamary.l105.com/public/js/pedidoMuestra.js?v1752338097:3157
[  957874ms] Uncaught InvalidValueError: Map: Expected mapDiv of type HTMLElement but was passed null.
    at _.Vm (https://maps.googleapis.com/maps/api/js?key=AIzaSyBBPL41mFwmWqbqcMyUL3A6Y0BcDSs-7d4&language=ES&libraries=places:1389:396)
    at _.fr (https://maps.googleapis.com/maps/api/js?key=AIzaSyBBPL41mFwmWqbqcMyUL3A6Y0BcDSs-7d4&language=ES&libraries=places:1464:273)
    at initEval (https://kamary.l105.com/public/js/pedidoMuestra.js?v1752338097:3159:8)
    at <anonymous> (https://kamary.l105.com/public/js/pedidoMuestra.js?v1752338097:3224:1)
    at dispatch (https://kamary.l105.com/public/js/core/jquery.min.js:2:7518)
    at r.handle (https://kamary.l105.com/public/js/core/jquery.min.js:2:5599)
[  967323ms] [WARNING] Google Maps JavaScript API has been loaded directly without loading=async. This can result in suboptimal performance. For best-practice loading patterns please see https://goo.gle/js-api-loading @ https://maps.googleapis.com/maps/api/js?key=AIzaSyBBPL41mFwmWqbqcMyUL3A6Y0BcDSs-7d4&language=ES&libraries=places:1519
[  968837ms] [LOG] Google Maps cargado @ https://kamary.l105.com/public/js/cliente.js?v1751507569:1935
[  968861ms] [LOG] Google Maps cargado @ https://kamary.l105.com/public/js/pedidoMuestra.js?v1752338097:3154
[  968862ms] [LOG] initEval, pedidoMuestra.js @ https://kamary.l105.com/public/js/pedidoMuestra.js?v1752338097:3157
[  968861ms] Uncaught InvalidValueError: Map: Expected mapDiv of type HTMLElement but was passed null.
    at _.Vm (https://maps.googleapis.com/maps/api/js?key=AIzaSyBBPL41mFwmWqbqcMyUL3A6Y0BcDSs-7d4&language=ES&libraries=places:1389:396)
    at _.fr (https://maps.googleapis.com/maps/api/js?key=AIzaSyBBPL41mFwmWqbqcMyUL3A6Y0BcDSs-7d4&language=ES&libraries=places:1464:273)
    at initEval (https://kamary.l105.com/public/js/pedidoMuestra.js?v1752338097:3159:8)
    at <anonymous> (https://kamary.l105.com/public/js/pedidoMuestra.js?v1752338097:3224:1)
    at dispatch (https://kamary.l105.com/public/js/core/jquery.min.js:2:7518)
    at r.handle (https://kamary.l105.com/public/js/core/jquery.min.js:2:5599)
[  977961ms] [LOG] Google Maps cargado @ https://kamary.l105.com/public/js/cliente.js?v1751507569:1935
[  977988ms] [WARNING] Google Maps JavaScript API has been loaded directly without loading=async. This can result in suboptimal performance. For best-practice loading patterns please see https://goo.gle/js-api-loading @ https://maps.googleapis.com/maps/api/js?key=AIzaSyBBPL41mFwmWqbqcMyUL3A6Y0BcDSs-7d4&language=ES&libraries=places:1519
[  978001ms] [LOG] Google Maps cargado @ https://kamary.l105.com/public/js/pedidoMuestra.js?v1752338097:3154
[  978002ms] [LOG] initEval, pedidoMuestra.js @ https://kamary.l105.com/public/js/pedidoMuestra.js?v1752338097:3157
[  978002ms] Uncaught InvalidValueError: Map: Expected mapDiv of type HTMLElement but was passed null.
    at _.Vm (https://maps.googleapis.com/maps/api/js?key=AIzaSyBBPL41mFwmWqbqcMyUL3A6Y0BcDSs-7d4&language=ES&libraries=places:1389:396)
    at _.fr (https://maps.googleapis.com/maps/api/js?key=AIzaSyBBPL41mFwmWqbqcMyUL3A6Y0BcDSs-7d4&language=ES&libraries=places:1464:273)
    at initEval (https://kamary.l105.com/public/js/pedidoMuestra.js?v1752338097:3159:8)
    at <anonymous> (https://kamary.l105.com/public/js/pedidoMuestra.js?v1752338097:3224:1)
    at dispatch (https://kamary.l105.com/public/js/core/jquery.min.js:2:7518)
    at r.handle (https://kamary.l105.com/public/js/core/jquery.min.js:2:5599)
[  985093ms] [LOG] Google Maps cargado @ https://kamary.l105.com/public/js/cliente.js?v1751507569:1935
[  985148ms] [WARNING] Google Maps JavaScript API has been loaded directly without loading=async. This can result in suboptimal performance. For best-practice loading patterns please see https://goo.gle/js-api-loading @ https://maps.googleapis.com/maps/api/js?key=AIzaSyBBPL41mFwmWqbqcMyUL3A6Y0BcDSs-7d4&language=ES&libraries=places:1519
[  985157ms] [LOG] Google Maps cargado @ https://kamary.l105.com/public/js/pedidoMuestra.js?v1752338097:3154
[  985157ms] [LOG] initEval, pedidoMuestra.js @ https://kamary.l105.com/public/js/pedidoMuestra.js?v1752338097:3157
[  985157ms] Uncaught InvalidValueError: Map: Expected mapDiv of type HTMLElement but was passed null.
    at _.Vm (https://maps.googleapis.com/maps/api/js?key=AIzaSyBBPL41mFwmWqbqcMyUL3A6Y0BcDSs-7d4&language=ES&libraries=places:1389:396)
    at _.fr (https://maps.googleapis.com/maps/api/js?key=AIzaSyBBPL41mFwmWqbqcMyUL3A6Y0BcDSs-7d4&language=ES&libraries=places:1464:273)
    at initEval (https://kamary.l105.com/public/js/pedidoMuestra.js?v1752338097:3159:8)
    at <anonymous> (https://kamary.l105.com/public/js/pedidoMuestra.js?v1752338097:3224:1)
    at dispatch (https://kamary.l105.com/public/js/core/jquery.min.js:2:7518)
    at r.handle (https://kamary.l105.com/public/js/core/jquery.min.js:2:5599)
[ 1008235ms] [LOG] Google Maps cargado @ https://kamary.l105.com/public/js/cliente.js?v1751507569:1935
[ 1008274ms] [WARNING] Google Maps JavaScript API has been loaded directly without loading=async. This can result in suboptimal performance. For best-practice loading patterns please see https://goo.gle/js-api-loading @ https://maps.googleapis.com/maps/api/js?key=AIzaSyBBPL41mFwmWqbqcMyUL3A6Y0BcDSs-7d4&language=ES&libraries=places:1519
[ 1008281ms] [LOG] Google Maps cargado @ https://kamary.l105.com/public/js/pedidoMuestra.js?v1752338097:3154
[ 1008281ms] [LOG] initEval, pedidoMuestra.js @ https://kamary.l105.com/public/js/pedidoMuestra.js?v1752338097:3157
[ 1008282ms] Uncaught InvalidValueError: Map: Expected mapDiv of type HTMLElement but was passed null.
    at _.Vm (https://maps.googleapis.com/maps/api/js?key=AIzaSyBBPL41mFwmWqbqcMyUL3A6Y0BcDSs-7d4&language=ES&libraries=places:1389:396)
    at _.fr (https://maps.googleapis.com/maps/api/js?key=AIzaSyBBPL41mFwmWqbqcMyUL3A6Y0BcDSs-7d4&language=ES&libraries=places:1464:273)
    at initEval (https://kamary.l105.com/public/js/pedidoMuestra.js?v1752338097:3159:8)
    at <anonymous> (https://kamary.l105.com/public/js/pedidoMuestra.js?v1752338097:3224:1)
    at dispatch (https://kamary.l105.com/public/js/core/jquery.min.js:2:7518)
    at r.handle (https://kamary.l105.com/public/js/core/jquery.min.js:2:5599)
[ 1016834ms] [LOG] Google Maps cargado @ https://kamary.l105.com/public/js/cliente.js?v1751507569:1935
[ 1016890ms] [WARNING] Google Maps JavaScript API has been loaded directly without loading=async. This can result in suboptimal performance. For best-practice loading patterns please see https://goo.gle/js-api-loading @ https://maps.googleapis.com/maps/api/js?key=AIzaSyBBPL41mFwmWqbqcMyUL3A6Y0BcDSs-7d4&language=ES&libraries=places:1519
[ 1016900ms] [LOG] Google Maps cargado @ https://kamary.l105.com/public/js/pedidoMuestra.js?v1752338097:3154
[ 1016900ms] [LOG] initEval, pedidoMuestra.js @ https://kamary.l105.com/public/js/pedidoMuestra.js?v1752338097:3157
[ 1016900ms] Uncaught InvalidValueError: Map: Expected mapDiv of type HTMLElement but was passed null.
    at _.Vm (https://maps.googleapis.com/maps/api/js?key=AIzaSyBBPL41mFwmWqbqcMyUL3A6Y0BcDSs-7d4&language=ES&libraries=places:1389:396)
    at _.fr (https://maps.googleapis.com/maps/api/js?key=AIzaSyBBPL41mFwmWqbqcMyUL3A6Y0BcDSs-7d4&language=ES&libraries=places:1464:273)
    at initEval (https://kamary.l105.com/public/js/pedidoMuestra.js?v1752338097:3159:8)
    at <anonymous> (https://kamary.l105.com/public/js/pedidoMuestra.js?v1752338097:3224:1)
    at dispatch (https://kamary.l105.com/public/js/core/jquery.min.js:2:7518)
    at r.handle (https://kamary.l105.com/public/js/core/jquery.min.js:2:5599)
